// Jest Snapshot v1, https://goo.gl/fbAQLP

exports[`PresentationRpcInterface getElementProperties returns properties for requested element 1`] = `
Object {
  "result": Object {
    "class": "Subject",
    "id": "0x1",
    "items": Object {
      "$élêçtèd Ítêm(s)": Object {
        "items": Object {
          "Code": Object {
            "type": "primitive",
            "value": "DgnV8Bridge",
          },
          "Description": Object {
            "type": "primitive",
            "value": "",
          },
          "Model": Object {
            "type": "primitive",
            "value": "Ñót spêçìfíêd",
          },
          "User Label": Object {
            "type": "primitive",
            "value": "",
          },
        },
        "type": "category",
      },
    },
    "label": "DgnV8Bridge",
  },
  "statusCode": 0,
}
`;
