// Jest Snapshot v1, https://goo.gl/fbAQLP

exports[`PanelWidget should render 1`] = `
<div
  class="nz-widget-widget nz-widget-panelWidget nz-fill nz-border-left nz-border-right"
>
  <div
    class="nz-widget-tabBar nz-separator"
  >
    <div
      class="nz-handle"
    />
    <div
      class="nz-widget-tabs"
      role="tablist"
    >
      <div
        class="nz-widget-tabTarget nz-hidden"
      />
      <div
        class="nz-widget-tab nz-active nz-first nz-last"
        data-item-id="t1"
        data-item-type="widget-tab"
        role="tab"
        title=""
      >
        <span />
      </div>
      <div
        class="nz-widget-tabTarget nz-hidden"
      />
      <div
        class="nz-widget-overflow nz-hidden"
      >
        <div
          class="nz-button"
          role="button"
          tabindex="-1"
        >
          <div
            class="nz-icon"
          />
        </div>
      </div>
    </div>
    <div
      class="nz-widget-tabBarButtons"
    >
      <button
        class="nz-widget-pinToggle nz-is-pinned"
      >
        <i
          class="icon core-svg-icon"
        >
          <svg
            viewBox="0 0 16 16"
            xmlns="http://www.w3.org/2000/svg"
          >
            <path
              d="m10.49945 0c-.89279.7175-1.46555 1.81691-1.46555 3.05141 0 .09677.00757.19162.01448.28665l-2.24802 2.24802c-.34734-.07958-.70741-.12562-1.0789-.12562-1.48385 0-2.80984.67183-3.69366 1.72668l2.94083 2.94083-4.96863 4.96864v.90339h.90339l4.96865-4.96865 2.94083 2.94083c1.05486-.88382 1.72668-2.20981 1.72668-3.69366 0-.37149-.04604-.73156-.12562-1.0789l2.24802-2.24802c.09502.00691.18988.01448.28665.01448 1.2345 0 2.33391-.57276 3.05141-1.46555z"
              fill-rule="evenodd"
            />
          </svg>
        </i>
      </button>
    </div>
  </div>
  <div
    class="nz-widget-contentContainer"
  >
    <div
      class="nz-content"
    />
  </div>
</div>
`;

exports[`PanelWidget should render horizontal with fit-content 1`] = `
<div
  class="nz-widget-widget nz-widget-panelWidget nz-horizontal nz-fit nz-border-bottom nz-border-left nz-border-right"
  style="max-width: 50%;"
>
  <div
    class="nz-widget-tabBar nz-separator"
  >
    <div
      class="nz-handle"
    />
    <div
      class="nz-widget-tabs"
      role="tablist"
    >
      <div
        class="nz-widget-tabTarget nz-hidden"
      />
      <div
        class="nz-widget-tab nz-active nz-first nz-last"
        data-item-id="t1"
        data-item-type="widget-tab"
        role="tab"
        title=""
      >
        <span />
      </div>
      <div
        class="nz-widget-tabTarget nz-hidden"
      />
      <div
        class="nz-widget-overflow nz-hidden"
      >
        <div
          class="nz-button"
          role="button"
          tabindex="-1"
        >
          <div
            class="nz-icon"
          />
        </div>
      </div>
    </div>
    <div
      class="nz-widget-tabBarButtons"
    />
  </div>
  <div
    class="nz-widget-contentContainer"
  >
    <div
      class="nz-content"
    />
  </div>
</div>
`;

exports[`PanelWidget should render minimized 1`] = `
<div
  class="nz-widget-widget nz-widget-panelWidget nz-minimized nz-border-left nz-border-right"
>
  <div
    class="nz-widget-tabBar"
  >
    <div
      class="nz-handle"
    />
    <div
      class="nz-widget-tabs"
      role="tablist"
    >
      <div
        class="nz-widget-tabTarget nz-hidden"
      />
      <div
        class="nz-widget-tab nz-active nz-minimized nz-first nz-last"
        data-item-id="t1"
        data-item-type="widget-tab"
        role="tab"
        title=""
      >
        <span />
      </div>
      <div
        class="nz-widget-tabTarget nz-hidden"
      />
      <div
        class="nz-widget-overflow nz-hidden"
      >
        <div
          class="nz-button"
          role="button"
          tabindex="-1"
        >
          <div
            class="nz-icon"
          />
        </div>
      </div>
    </div>
    <div
      class="nz-widget-tabBarButtons"
    >
      <button
        class="nz-widget-pinToggle nz-is-pinned"
      >
        <i
          class="icon core-svg-icon"
        >
          <svg
            viewBox="0 0 16 16"
            xmlns="http://www.w3.org/2000/svg"
          >
            <path
              d="m10.49945 0c-.89279.7175-1.46555 1.81691-1.46555 3.05141 0 .09677.00757.19162.01448.28665l-2.24802 2.24802c-.34734-.07958-.70741-.12562-1.0789-.12562-1.48385 0-2.80984.67183-3.69366 1.72668l2.94083 2.94083-4.96863 4.96864v.90339h.90339l4.96865-4.96865 2.94083 2.94083c1.05486-.88382 1.72668-2.20981 1.72668-3.69366 0-.37149-.04604-.73156-.12562-1.0789l2.24802-2.24802c.09502.00691.18988.01448.28665.01448 1.2345 0 2.33391-.57276 3.05141-1.46555z"
              fill-rule="evenodd"
            />
          </svg>
        </i>
      </button>
    </div>
  </div>
  <div
    class="nz-widget-contentContainer nz-minimized"
  >
    <div
      class="nz-content"
    />
  </div>
</div>
`;

exports[`PanelWidget should render with fit-content 1`] = `
<div
  class="nz-widget-widget nz-widget-panelWidget nz-fit nz-border-bottom nz-border-left nz-border-right"
  style="max-height: 50%;"
>
  <div
    class="nz-widget-tabBar nz-separator"
  >
    <div
      class="nz-handle"
    />
    <div
      class="nz-widget-tabs"
      role="tablist"
    >
      <div
        class="nz-widget-tabTarget nz-hidden"
      />
      <div
        class="nz-widget-tab nz-active nz-first nz-last"
        data-item-id="t1"
        data-item-type="widget-tab"
        role="tab"
        title=""
      >
        <span />
      </div>
      <div
        class="nz-widget-tabTarget nz-hidden"
      />
      <div
        class="nz-widget-overflow nz-hidden"
      >
        <div
          class="nz-button"
          role="button"
          tabindex="-1"
        >
          <div
            class="nz-icon"
          />
        </div>
      </div>
    </div>
    <div
      class="nz-widget-tabBarButtons"
    >
      <button
        class="nz-widget-pinToggle nz-is-pinned"
      >
        <i
          class="icon core-svg-icon"
        >
          <svg
            viewBox="0 0 16 16"
            xmlns="http://www.w3.org/2000/svg"
          >
            <path
              d="m10.49945 0c-.89279.7175-1.46555 1.81691-1.46555 3.05141 0 .09677.00757.19162.01448.28665l-2.24802 2.24802c-.34734-.07958-.70741-.12562-1.0789-.12562-1.48385 0-2.80984.67183-3.69366 1.72668l2.94083 2.94083-4.96863 4.96864v.90339h.90339l4.96865-4.96865 2.94083 2.94083c1.05486-.88382 1.72668-2.20981 1.72668-3.69366 0-.37149-.04604-.73156-.12562-1.0789l2.24802-2.24802c.09502.00691.18988.01448.28665.01448 1.2345 0 2.33391-.57276 3.05141-1.46555z"
              fill-rule="evenodd"
            />
          </svg>
        </i>
      </button>
    </div>
  </div>
  <div
    class="nz-widget-contentContainer"
  >
    <div
      class="nz-content"
    />
  </div>
</div>
`;
