// Jest Snapshot v1, https://goo.gl/fbAQLP

exports[`WidgetTabs should overflow all tabs in horizontal minimized widget 1`] = `
<div
  class="nz-widget-tabs"
  role="tablist"
>
  <div
    class="nz-widget-overflow"
  >
    <div
      class="nz-button"
      role="button"
      tabindex="-1"
    >
      <div
        class="nz-icon"
      />
    </div>
  </div>
</div>
`;

exports[`WidgetTabs should render 1`] = `
<div
  class="nz-widget-tabs"
  role="tablist"
>
  <div
    class="nz-widget-tabTarget nz-hidden"
  />
  <div
    class="nz-widget-tab nz-active nz-first nz-last"
    data-item-id="t1"
    data-item-type="widget-tab"
    role="tab"
    title=""
  >
    <span />
  </div>
  <div
    class="nz-widget-tabTarget nz-hidden"
  />
  <div
    class="nz-widget-overflow nz-hidden"
  >
    <div
      class="nz-button"
      role="button"
      tabindex="-1"
    >
      <div
        class="nz-icon"
      />
    </div>
  </div>
</div>
`;

exports[`WidgetTabs should render overflow panel 1`] = `
<div
  class="nz-widget-tabs"
  role="tablist"
>
  <div
    class="nz-widget-tabTarget nz-hidden"
  />
  <div
    class="nz-widget-tab nz-active nz-first nz-last-not-overflown"
    data-item-id="t1"
    data-item-type="widget-tab"
    role="tab"
    title=""
  >
    <span />
  </div>
  <div
    class="nz-widget-tabTarget nz-hidden"
  />
  <div
    class="nz-widget-overflow"
  >
    <div
      class="nz-button"
      role="button"
      tabindex="-1"
    >
      <div
        class="nz-icon"
      />
    </div>
  </div>
</div>
`;
