// Jest Snapshot v1, https://goo.gl/fbAQLP

exports[`<ToolSettings /> renders correctly 1`] = `
<div
  className="nz-widget-toolSettings"
>
  <div
    className="nz-widget"
  >
    <DragHandle
      className="nz-handle"
    >
      <TitleBar
        className="nz-title"
      />
    </DragHandle>
    <div
      className="nz-content"
    />
  </div>
</div>
`;

exports[`<ToolSettings /> renders correctly to fill zone 1`] = `
<div
  className="nz-widget-toolSettings nz-fill"
>
  <div
    className="nz-widget"
  >
    <DragHandle
      className="nz-handle"
    >
      <TitleBar
        className="nz-title"
      />
    </DragHandle>
    <div
      className="nz-content"
    />
  </div>
</div>
`;

exports[`<ToolSettings /> renders draggable correctly 1`] = `
<div
  className="nz-widget-toolSettings nz-draggable"
>
  <div
    className="nz-widget"
  >
    <DragHandle
      className="nz-handle"
      onDrag={[Function]}
    >
      <TitleBar
        className="nz-title"
      />
    </DragHandle>
    <div
      className="nz-content"
    />
  </div>
</div>
`;

exports[`<ToolSettings /> renders resizable correctly 1`] = `
<div
  className="nz-widget-toolSettings"
>
  <div
    className="nz-widget"
  >
    <DragHandle
      className="nz-handle"
    >
      <TitleBar
        className="nz-title"
      />
    </DragHandle>
    <div
      className="nz-content"
    />
    <ResizeGrip
      className="nz-left-grip"
      direction={0}
      onResize={[Function]}
      onResizeEnd={[Function]}
      onResizeStart={[Function]}
    />
    <ResizeGrip
      className="nz-top-grip"
      direction={1}
      onResize={[Function]}
      onResizeEnd={[Function]}
      onResizeStart={[Function]}
    />
    <ResizeGrip
      className="nz-right-grip"
      direction={0}
      onResize={[Function]}
      onResizeEnd={[Function]}
      onResizeStart={[Function]}
    />
    <ResizeGrip
      className="nz-bottom-grip"
      direction={1}
      onResize={[Function]}
      onResizeEnd={[Function]}
      onResizeStart={[Function]}
    />
  </div>
</div>
`;
