// Jest Snapshot v1, https://goo.gl/fbAQLP

exports[`<LabeledSelect /> renders array options correctly 1`] = `
<label
  className="uicore-inputs-labeled-select"
>
  <div
    className="uicore-label"
  >
     
    select test
     
  </div>
  <ForwardRef(ForwardRefSelect)
    options={
      Array [
        "Option 1",
        "Option 2",
        "Option 3",
      ]
    }
  />
</label>
`;

exports[`<LabeledSelect /> renders correctly 1`] = `
<label
  className="uicore-inputs-labeled-select"
>
  <div
    className="uicore-label"
  >
     
    select test
     
  </div>
  <ForwardRef(ForwardRefSelect)
    options={Array []}
  />
</label>
`;

exports[`<LabeledSelect /> renders disabled correctly 1`] = `
<label
  className="uicore-inputs-labeled-select uicore-disabled"
>
  <div
    className="uicore-label"
  >
     
    select test
     
  </div>
  <ForwardRef(ForwardRefSelect)
    disabled={true}
    options={Array []}
  />
</label>
`;

exports[`<LabeledSelect /> renders message correctly 1`] = `
<label
  className="uicore-inputs-labeled-select"
>
  <div
    className="uicore-label"
  >
     
    select test
     
  </div>
  <ForwardRef(ForwardRefSelect)
    options={Array []}
  />
  <div
    className="uicore-message"
  >
    Test message
  </div>
</label>
`;

exports[`<LabeledSelect /> renders object options correctly 1`] = `
<label
  className="uicore-inputs-labeled-select"
>
  <div
    className="uicore-label"
  >
     
    select test
     
  </div>
  <ForwardRef(ForwardRefSelect)
    options={
      Object {
        "option1": "Option 1",
        "option2": "Option 2",
        "option3": "Option3",
      }
    }
  />
</label>
`;

exports[`<LabeledSelect /> renders status correctly 1`] = `
<label
  className="uicore-inputs-labeled-select success"
>
  <div
    className="uicore-label"
  >
     
    select test
     
  </div>
  <ForwardRef(ForwardRefSelect)
    options={Array []}
  />
</label>
`;
