// Jest Snapshot v1, https://goo.gl/fbAQLP

exports[`TableDataProvider getColumns returns one column descriptor when display type is list 1`] = `
Array [
  Object {
    "editable": false,
    "filterable": false,
    "key": "/DisplayLabel/",
    "label": "Label",
    "sortable": true,
  },
]
`;

exports[`TableDataProvider getColumns returns valid column descriptions 1`] = `Array []`;

exports[`TableDataProvider getRow returns valid row item 1`] = `
Object {
  "cells": Array [],
  "key": "{\\"className\\":\\"compress\\",\\"id\\":\\"0x60650000003e2c\\"}",
}
`;

exports[`TableDataProvider getRow returns valid row when display type is list 1`] = `
Object {
  "cells": Array [
    Object {
      "key": "/DisplayLabel/",
      "record": PropertyRecord {
        "property": Object {
          "displayLabel": "Label",
          "name": "content_item_label",
          "typename": "string",
        },
        "value": Object {
          "displayValue": "Shoes Regional",
          "value": "Shoes Regional",
          "valueFormat": 0,
        },
      },
    },
  ],
  "key": "{\\"className\\":\\"Liaison\\",\\"id\\":\\"0x766f000000c697\\"}",
}
`;
