// Jest Snapshot v1, https://goo.gl/fbAQLP

exports[`ReviewToolWidget ReviewToolWidget should render correctly 1`] = `
<ToolWidget
  appButton={
    CommandItemDef {
      "_commandHandler": Object {
        "execute": [Function],
        "getCommandArgs": undefined,
        "parameters": undefined,
      },
      "_description": "",
      "_label": "commands.openBackstage",
      "_onItemExecuted": undefined,
      "_tooltip": "",
      "badgeType": undefined,
      "commandId": "UiFramework.openBackstage",
      "execute": [Function],
      "getKey": [Function],
      "handleSizeKnown": [Function],
      "iconSpec": "icon-home",
      "isActive": false,
      "isDisabled": undefined,
      "isEnabled": true,
      "isHidden": undefined,
      "isPressed": false,
      "isVisible": true,
      "stateSyncIds": Array [],
    }
  }
  horizontalItems={
    ItemList [
      CommandItemDef {
        "_commandHandler": Object {
          "execute": [Function],
          "getCommandArgs": undefined,
          "parameters": undefined,
        },
        "_description": "",
        "_label": "buttons.clearSelection",
        "_onItemExecuted": undefined,
        "_tooltip": "",
        "badgeType": undefined,
        "commandId": "UiFramework.ClearSelection",
        "execute": [Function],
        "getKey": [Function],
        "handleSizeKnown": [Function],
        "iconSpec": "icon-selection-clear",
        "isActive": false,
        "isDisabled": undefined,
        "isEnabled": true,
        "isHidden": ConditionalBooleanValue {
          "_value": undefined,
          "syncEventIds": Array [
            "selectionsetchanged",
            "activecontentchanged",
            "activeviewportchanged",
            "sessionstate:set-num-items-selected",
          ],
          "testFunc": [Function],
        },
        "isPressed": false,
        "isVisible": true,
        "stateFunc": [Function],
        "stateSyncIds": Array [
          "selectionsetchanged",
          "activecontentchanged",
          "activeviewportchanged",
          "sessionstate:set-num-items-selected",
        ],
      },
      CommandItemDef {
        "_commandHandler": Object {
          "execute": [Function],
          "getCommandArgs": undefined,
          "parameters": undefined,
        },
        "_description": "",
        "_label": "tools.hideSelected",
        "_onItemExecuted": undefined,
        "_tooltip": "",
        "badgeType": undefined,
        "commandId": "UiFramework.HideSelected",
        "execute": [Function],
        "getKey": [Function],
        "handleSizeKnown": [Function],
        "iconSpec": "icon-asset-classification-hide",
        "isActive": false,
        "isDisabled": undefined,
        "isEnabled": true,
        "isHidden": ConditionalBooleanValue {
          "_value": undefined,
          "syncEventIds": Array [
            "selectionsetchanged",
            "activecontentchanged",
            "activeviewportchanged",
            "sessionstate:set-num-items-selected",
          ],
          "testFunc": [Function],
        },
        "isPressed": false,
        "isVisible": true,
        "stateFunc": [Function],
        "stateSyncIds": Array [
          "selectionsetchanged",
          "activecontentchanged",
          "activeviewportchanged",
          "sessionstate:set-num-items-selected",
        ],
      },
      CommandItemDef {
        "_commandHandler": Object {
          "execute": [Function],
          "getCommandArgs": undefined,
          "parameters": undefined,
        },
        "_description": "",
        "_label": "tools.isolateSelected",
        "_onItemExecuted": undefined,
        "_tooltip": "",
        "badgeType": undefined,
        "commandId": "UiFramework.IsolateSelected",
        "execute": [Function],
        "getKey": [Function],
        "handleSizeKnown": [Function],
        "iconSpec": "icon-asset-isolate",
        "isActive": false,
        "isDisabled": undefined,
        "isEnabled": true,
        "isHidden": ConditionalBooleanValue {
          "_value": undefined,
          "syncEventIds": Array [
            "selectionsetchanged",
            "activecontentchanged",
            "activeviewportchanged",
            "sessionstate:set-num-items-selected",
          ],
          "testFunc": [Function],
        },
        "isPressed": false,
        "isVisible": true,
        "stateFunc": [Function],
        "stateSyncIds": Array [
          "selectionsetchanged",
          "activecontentchanged",
          "activeviewportchanged",
          "sessionstate:set-num-items-selected",
        ],
      },
      CommandItemDef {
        "_commandHandler": Object {
          "execute": [Function],
          "getCommandArgs": undefined,
          "parameters": undefined,
        },
        "_description": "",
        "_label": "tools.emphasizeSelected",
        "_onItemExecuted": undefined,
        "_tooltip": "",
        "badgeType": undefined,
        "commandId": "UiFramework.EmphasizeSelected",
        "execute": [Function],
        "getKey": [Function],
        "handleSizeKnown": [Function],
        "iconSpec": "icon-visibility-semi-transparent",
        "isActive": false,
        "isDisabled": undefined,
        "isEnabled": true,
        "isHidden": ConditionalBooleanValue {
          "_value": undefined,
          "syncEventIds": Array [
            "selectionsetchanged",
            "activecontentchanged",
            "activeviewportchanged",
            "sessionstate:set-num-items-selected",
          ],
          "testFunc": [Function],
        },
        "isPressed": false,
        "isVisible": true,
        "stateFunc": [Function],
        "stateSyncIds": Array [
          "selectionsetchanged",
          "activecontentchanged",
          "activeviewportchanged",
          "sessionstate:set-num-items-selected",
        ],
      },
    ]
  }
  verticalItems={
    ItemList [
      ToolItemDef {
        "_commandHandler": Object {
          "execute": [Function],
          "getCommandArgs": undefined,
          "parameters": undefined,
        },
        "_description": "",
        "_label": "",
        "_onItemExecuted": undefined,
        "_tooltip": "",
        "badgeType": undefined,
        "execute": [Function],
        "getKey": [Function],
        "handleSizeKnown": [Function],
        "iconSpec": "icon-cursor",
        "isActive": false,
        "isDisabled": undefined,
        "isEnabled": true,
        "isHidden": undefined,
        "isPressed": false,
        "isVisible": true,
        "stateSyncIds": Array [],
        "toolId": "Select",
      },
      GroupItemDef {
        "_description": "",
        "_label": "tools.measureTools",
        "_onItemExecuted": undefined,
        "_panelLabel": "",
        "_tooltip": "",
        "badgeType": undefined,
        "defaultActiveItemId": undefined,
        "direction": 3,
        "directionExplicit": false,
        "execute": [Function],
        "getKey": [Function],
        "groupId": "measureTools-group",
        "handleSizeKnown": [Function],
        "iconSpec": "icon-measure",
        "isActive": false,
        "isDisabled": undefined,
        "isEnabled": true,
        "isHidden": undefined,
        "isPressed": false,
        "isVisible": true,
        "items": Array [
          ToolItemDef {
            "_commandHandler": Object {
              "execute": [Function],
              "getCommandArgs": undefined,
              "parameters": undefined,
            },
            "_description": "",
            "_label": "",
            "_onItemExecuted": undefined,
            "_tooltip": "",
            "badgeType": undefined,
            "execute": [Function],
            "getKey": [Function],
            "handleSizeKnown": [Function],
            "iconSpec": "icon-measure-distance",
            "isActive": false,
            "isDisabled": undefined,
            "isEnabled": true,
            "isHidden": undefined,
            "isPressed": false,
            "isVisible": true,
            "stateSyncIds": Array [],
            "toolId": "Measure.Distance",
          },
          ToolItemDef {
            "_commandHandler": Object {
              "execute": [Function],
              "getCommandArgs": undefined,
              "parameters": undefined,
            },
            "_description": "",
            "_label": "",
            "_onItemExecuted": undefined,
            "_tooltip": "",
            "badgeType": undefined,
            "execute": [Function],
            "getKey": [Function],
            "handleSizeKnown": [Function],
            "iconSpec": "icon-measure-location",
            "isActive": false,
            "isDisabled": undefined,
            "isEnabled": true,
            "isHidden": undefined,
            "isPressed": false,
            "isVisible": true,
            "stateSyncIds": Array [],
            "toolId": "Measure.Location",
          },
        ],
        "itemsInColumn": 2,
        "overflow": false,
        "stateSyncIds": Array [],
      },
      GroupItemDef {
        "_description": "",
        "_label": "tools.sectionTools",
        "_onItemExecuted": undefined,
        "_panelLabel": "",
        "_tooltip": "",
        "badgeType": undefined,
        "defaultActiveItemId": undefined,
        "direction": 3,
        "directionExplicit": false,
        "execute": [Function],
        "getKey": [Function],
        "groupId": "sectionTools-group",
        "handleSizeKnown": [Function],
        "iconSpec": "icon-section-tool",
        "isActive": false,
        "isDisabled": undefined,
        "isEnabled": true,
        "isHidden": undefined,
        "isPressed": false,
        "isVisible": true,
        "items": Array [
          ToolItemDef {
            "_commandHandler": Object {
              "execute": [Function],
              "getCommandArgs": undefined,
              "parameters": undefined,
            },
            "_description": "",
            "_label": "",
            "_onItemExecuted": undefined,
            "_tooltip": "",
            "badgeType": undefined,
            "execute": [Function],
            "getKey": [Function],
            "handleSizeKnown": [Function],
            "iconSpec": "icon-section-plane",
            "isActive": false,
            "isDisabled": undefined,
            "isEnabled": true,
            "isHidden": undefined,
            "isPressed": false,
            "isVisible": true,
            "stateSyncIds": Array [],
            "toolId": "ViewClip.ByPlane",
          },
          ToolItemDef {
            "_commandHandler": Object {
              "execute": [Function],
              "getCommandArgs": undefined,
              "parameters": undefined,
            },
            "_description": "",
            "_label": "",
            "_onItemExecuted": undefined,
            "_tooltip": "",
            "badgeType": undefined,
            "execute": [Function],
            "getKey": [Function],
            "handleSizeKnown": [Function],
            "iconSpec": "icon-section-element",
            "isActive": false,
            "isDisabled": undefined,
            "isEnabled": true,
            "isHidden": undefined,
            "isPressed": false,
            "isVisible": true,
            "stateSyncIds": Array [],
            "toolId": "ViewClip.ByElement",
          },
          ToolItemDef {
            "_commandHandler": Object {
              "execute": [Function],
              "getCommandArgs": undefined,
              "parameters": undefined,
            },
            "_description": "",
            "_label": "",
            "_onItemExecuted": undefined,
            "_tooltip": "",
            "badgeType": undefined,
            "execute": [Function],
            "getKey": [Function],
            "handleSizeKnown": [Function],
            "iconSpec": "icon-section-range",
            "isActive": false,
            "isDisabled": undefined,
            "isEnabled": true,
            "isHidden": undefined,
            "isPressed": false,
            "isVisible": true,
            "stateSyncIds": Array [],
            "toolId": "ViewClip.ByRange",
          },
          ToolItemDef {
            "_commandHandler": Object {
              "execute": [Function],
              "getCommandArgs": undefined,
              "parameters": undefined,
            },
            "_description": "",
            "_label": "",
            "_onItemExecuted": undefined,
            "_tooltip": "",
            "badgeType": undefined,
            "execute": [Function],
            "getKey": [Function],
            "handleSizeKnown": [Function],
            "iconSpec": "icon-section-shape",
            "isActive": false,
            "isDisabled": undefined,
            "isEnabled": true,
            "isHidden": undefined,
            "isPressed": false,
            "isVisible": true,
            "stateSyncIds": Array [],
            "toolId": "ViewClip.ByShape",
          },
        ],
        "itemsInColumn": 4,
        "overflow": false,
        "stateSyncIds": Array [],
      },
    ]
  }
/>
`;

exports[`ReviewToolWidget ReviewToolWidget with bentley B should render 1`] = `
<ToolWidget
  appButton={
    CommandItemDef {
      "_commandHandler": Object {
        "execute": [Function],
        "getCommandArgs": undefined,
        "parameters": undefined,
      },
      "_description": "",
      "_label": "commands.openBackstage",
      "_onItemExecuted": undefined,
      "_tooltip": "",
      "badgeType": undefined,
      "commandId": "UiFramework.openBackstage",
      "execute": [Function],
      "getKey": [Function],
      "handleSizeKnown": [Function],
      "iconSpec": "icon-bentley-systems",
      "isActive": false,
      "isDisabled": undefined,
      "isEnabled": true,
      "isHidden": undefined,
      "isPressed": false,
      "isVisible": true,
      "stateSyncIds": Array [],
    }
  }
  horizontalItems={
    ItemList [
      CommandItemDef {
        "_commandHandler": Object {
          "execute": [Function],
          "getCommandArgs": undefined,
          "parameters": undefined,
        },
        "_description": "",
        "_label": "buttons.clearSelection",
        "_onItemExecuted": undefined,
        "_tooltip": "",
        "badgeType": undefined,
        "commandId": "UiFramework.ClearSelection",
        "execute": [Function],
        "getKey": [Function],
        "handleSizeKnown": [Function],
        "iconSpec": "icon-selection-clear",
        "isActive": false,
        "isDisabled": undefined,
        "isEnabled": true,
        "isHidden": ConditionalBooleanValue {
          "_value": undefined,
          "syncEventIds": Array [
            "selectionsetchanged",
            "activecontentchanged",
            "activeviewportchanged",
            "sessionstate:set-num-items-selected",
          ],
          "testFunc": [Function],
        },
        "isPressed": false,
        "isVisible": true,
        "stateFunc": [Function],
        "stateSyncIds": Array [
          "selectionsetchanged",
          "activecontentchanged",
          "activeviewportchanged",
          "sessionstate:set-num-items-selected",
        ],
      },
      GroupItemDef {
        "_description": "",
        "_label": "tools.hide",
        "_onItemExecuted": undefined,
        "_panelLabel": "",
        "_tooltip": "",
        "badgeType": undefined,
        "defaultActiveItemId": undefined,
        "direction": 3,
        "directionExplicit": false,
        "execute": [Function],
        "getKey": [Function],
        "groupId": "UiFramework.HideSelectionGroup",
        "handleSizeKnown": [Function],
        "iconSpec": "icon-visibility-hide-2",
        "isActive": false,
        "isDisabled": undefined,
        "isEnabled": true,
        "isHidden": ConditionalBooleanValue {
          "_value": undefined,
          "syncEventIds": Array [
            "selectionsetchanged",
            "activecontentchanged",
            "activeviewportchanged",
            "sessionstate:set-num-items-selected",
          ],
          "testFunc": [Function],
        },
        "isPressed": false,
        "isVisible": true,
        "items": Array [
          CommandItemDef {
            "_commandHandler": Object {
              "execute": [Function],
              "getCommandArgs": undefined,
              "parameters": undefined,
            },
            "_description": "",
            "_label": "tools.hideSelected",
            "_onItemExecuted": undefined,
            "_tooltip": "",
            "badgeType": undefined,
            "commandId": "UiFramework.HideSelected",
            "execute": [Function],
            "getKey": [Function],
            "handleSizeKnown": [Function],
            "iconSpec": "icon-asset-classification-hide",
            "isActive": false,
            "isDisabled": undefined,
            "isEnabled": true,
            "isHidden": ConditionalBooleanValue {
              "_value": undefined,
              "syncEventIds": Array [
                "selectionsetchanged",
                "activecontentchanged",
                "activeviewportchanged",
                "sessionstate:set-num-items-selected",
              ],
              "testFunc": [Function],
            },
            "isPressed": false,
            "isVisible": true,
            "stateFunc": [Function],
            "stateSyncIds": Array [
              "selectionsetchanged",
              "activecontentchanged",
              "activeviewportchanged",
              "sessionstate:set-num-items-selected",
            ],
          },
          CommandItemDef {
            "_commandHandler": Object {
              "execute": [Function],
              "getCommandArgs": undefined,
              "parameters": undefined,
            },
            "_description": "",
            "_label": "tools.hideCategories",
            "_onItemExecuted": undefined,
            "_tooltip": "",
            "badgeType": undefined,
            "commandId": "UiFramework.HideCategory",
            "execute": [Function],
            "getKey": [Function],
            "handleSizeKnown": [Function],
            "iconSpec": "icon-layers-hide",
            "isActive": false,
            "isDisabled": undefined,
            "isEnabled": true,
            "isHidden": undefined,
            "isPressed": false,
            "isVisible": true,
            "stateSyncIds": Array [],
          },
          CommandItemDef {
            "_commandHandler": Object {
              "execute": [Function],
              "getCommandArgs": undefined,
              "parameters": undefined,
            },
            "_description": "",
            "_label": "tools.hideModels",
            "_onItemExecuted": undefined,
            "_tooltip": "",
            "badgeType": undefined,
            "commandId": "UiFramework.HideModel",
            "execute": [Function],
            "getKey": [Function],
            "handleSizeKnown": [Function],
            "iconSpec": "icon-model-hide",
            "isActive": false,
            "isDisabled": undefined,
            "isEnabled": true,
            "isHidden": undefined,
            "isPressed": false,
            "isVisible": true,
            "stateSyncIds": Array [],
          },
        ],
        "itemsInColumn": 3,
        "overflow": false,
        "stateFunc": [Function],
        "stateSyncIds": Array [
          "selectionsetchanged",
          "activecontentchanged",
          "activeviewportchanged",
          "sessionstate:set-num-items-selected",
        ],
      },
      GroupItemDef {
        "_description": "",
        "_label": "tools.isolate",
        "_onItemExecuted": undefined,
        "_panelLabel": "",
        "_tooltip": "",
        "badgeType": undefined,
        "defaultActiveItemId": undefined,
        "direction": 3,
        "directionExplicit": false,
        "execute": [Function],
        "getKey": [Function],
        "groupId": "UiFramework.IsolateSelectionGroup",
        "handleSizeKnown": [Function],
        "iconSpec": "icon-isolate",
        "isActive": false,
        "isDisabled": undefined,
        "isEnabled": true,
        "isHidden": ConditionalBooleanValue {
          "_value": undefined,
          "syncEventIds": Array [
            "selectionsetchanged",
            "activecontentchanged",
            "activeviewportchanged",
            "sessionstate:set-num-items-selected",
          ],
          "testFunc": [Function],
        },
        "isPressed": false,
        "isVisible": true,
        "items": Array [
          CommandItemDef {
            "_commandHandler": Object {
              "execute": [Function],
              "getCommandArgs": undefined,
              "parameters": undefined,
            },
            "_description": "",
            "_label": "tools.isolateSelected",
            "_onItemExecuted": undefined,
            "_tooltip": "",
            "badgeType": undefined,
            "commandId": "UiFramework.IsolateSelected",
            "execute": [Function],
            "getKey": [Function],
            "handleSizeKnown": [Function],
            "iconSpec": "icon-asset-isolate",
            "isActive": false,
            "isDisabled": undefined,
            "isEnabled": true,
            "isHidden": ConditionalBooleanValue {
              "_value": undefined,
              "syncEventIds": Array [
                "selectionsetchanged",
                "activecontentchanged",
                "activeviewportchanged",
                "sessionstate:set-num-items-selected",
              ],
              "testFunc": [Function],
            },
            "isPressed": false,
            "isVisible": true,
            "stateFunc": [Function],
            "stateSyncIds": Array [
              "selectionsetchanged",
              "activecontentchanged",
              "activeviewportchanged",
              "sessionstate:set-num-items-selected",
            ],
          },
          CommandItemDef {
            "_commandHandler": Object {
              "execute": [Function],
              "getCommandArgs": undefined,
              "parameters": undefined,
            },
            "_description": "",
            "_label": "tools.isolateCategories",
            "_onItemExecuted": undefined,
            "_tooltip": "",
            "badgeType": undefined,
            "commandId": "UiFramework.IsolateCategory",
            "execute": [Function],
            "getKey": [Function],
            "handleSizeKnown": [Function],
            "iconSpec": "icon-layers-isolate",
            "isActive": false,
            "isDisabled": undefined,
            "isEnabled": true,
            "isHidden": undefined,
            "isPressed": false,
            "isVisible": true,
            "stateSyncIds": Array [],
          },
          CommandItemDef {
            "_commandHandler": Object {
              "execute": [Function],
              "getCommandArgs": undefined,
              "parameters": undefined,
            },
            "_description": "",
            "_label": "tools.isolateModels",
            "_onItemExecuted": undefined,
            "_tooltip": "",
            "badgeType": undefined,
            "commandId": "UiFramework.IsolateModel",
            "execute": [Function],
            "getKey": [Function],
            "handleSizeKnown": [Function],
            "iconSpec": "icon-model-isolate",
            "isActive": false,
            "isDisabled": undefined,
            "isEnabled": true,
            "isHidden": undefined,
            "isPressed": false,
            "isVisible": true,
            "stateSyncIds": Array [],
          },
        ],
        "itemsInColumn": 3,
        "overflow": false,
        "stateFunc": [Function],
        "stateSyncIds": Array [
          "selectionsetchanged",
          "activecontentchanged",
          "activeviewportchanged",
          "sessionstate:set-num-items-selected",
        ],
      },
      CommandItemDef {
        "_commandHandler": Object {
          "execute": [Function],
          "getCommandArgs": undefined,
          "parameters": undefined,
        },
        "_description": "",
        "_label": "tools.emphasizeSelected",
        "_onItemExecuted": undefined,
        "_tooltip": "",
        "badgeType": undefined,
        "commandId": "UiFramework.EmphasizeSelected",
        "execute": [Function],
        "getKey": [Function],
        "handleSizeKnown": [Function],
        "iconSpec": "icon-visibility-semi-transparent",
        "isActive": false,
        "isDisabled": undefined,
        "isEnabled": true,
        "isHidden": ConditionalBooleanValue {
          "_value": undefined,
          "syncEventIds": Array [
            "selectionsetchanged",
            "activecontentchanged",
            "activeviewportchanged",
            "sessionstate:set-num-items-selected",
          ],
          "testFunc": [Function],
        },
        "isPressed": false,
        "isVisible": true,
        "stateFunc": [Function],
        "stateSyncIds": Array [
          "selectionsetchanged",
          "activecontentchanged",
          "activeviewportchanged",
          "sessionstate:set-num-items-selected",
        ],
      },
    ]
  }
  verticalItems={
    ItemList [
      ToolItemDef {
        "_commandHandler": Object {
          "execute": [Function],
          "getCommandArgs": undefined,
          "parameters": undefined,
        },
        "_description": "",
        "_label": "",
        "_onItemExecuted": undefined,
        "_tooltip": "",
        "badgeType": undefined,
        "execute": [Function],
        "getKey": [Function],
        "handleSizeKnown": [Function],
        "iconSpec": "icon-cursor",
        "isActive": false,
        "isDisabled": undefined,
        "isEnabled": true,
        "isHidden": undefined,
        "isPressed": false,
        "isVisible": true,
        "stateSyncIds": Array [],
        "toolId": "Select",
      },
      GroupItemDef {
        "_description": "",
        "_label": "tools.measureTools",
        "_onItemExecuted": undefined,
        "_panelLabel": "",
        "_tooltip": "",
        "badgeType": undefined,
        "defaultActiveItemId": undefined,
        "direction": 3,
        "directionExplicit": false,
        "execute": [Function],
        "getKey": [Function],
        "groupId": "measureTools-group",
        "handleSizeKnown": [Function],
        "iconSpec": "icon-measure",
        "isActive": false,
        "isDisabled": undefined,
        "isEnabled": true,
        "isHidden": undefined,
        "isPressed": false,
        "isVisible": true,
        "items": Array [
          ToolItemDef {
            "_commandHandler": Object {
              "execute": [Function],
              "getCommandArgs": undefined,
              "parameters": undefined,
            },
            "_description": "",
            "_label": "",
            "_onItemExecuted": undefined,
            "_tooltip": "",
            "badgeType": undefined,
            "execute": [Function],
            "getKey": [Function],
            "handleSizeKnown": [Function],
            "iconSpec": "icon-measure-distance",
            "isActive": false,
            "isDisabled": undefined,
            "isEnabled": true,
            "isHidden": undefined,
            "isPressed": false,
            "isVisible": true,
            "stateSyncIds": Array [],
            "toolId": "Measure.Distance",
          },
          ToolItemDef {
            "_commandHandler": Object {
              "execute": [Function],
              "getCommandArgs": undefined,
              "parameters": undefined,
            },
            "_description": "",
            "_label": "",
            "_onItemExecuted": undefined,
            "_tooltip": "",
            "badgeType": undefined,
            "execute": [Function],
            "getKey": [Function],
            "handleSizeKnown": [Function],
            "iconSpec": "icon-measure-location",
            "isActive": false,
            "isDisabled": undefined,
            "isEnabled": true,
            "isHidden": undefined,
            "isPressed": false,
            "isVisible": true,
            "stateSyncIds": Array [],
            "toolId": "Measure.Location",
          },
        ],
        "itemsInColumn": 2,
        "overflow": false,
        "stateSyncIds": Array [],
      },
      GroupItemDef {
        "_description": "",
        "_label": "tools.sectionTools",
        "_onItemExecuted": undefined,
        "_panelLabel": "",
        "_tooltip": "",
        "badgeType": undefined,
        "defaultActiveItemId": undefined,
        "direction": 3,
        "directionExplicit": false,
        "execute": [Function],
        "getKey": [Function],
        "groupId": "sectionTools-group",
        "handleSizeKnown": [Function],
        "iconSpec": "icon-section-tool",
        "isActive": false,
        "isDisabled": undefined,
        "isEnabled": true,
        "isHidden": undefined,
        "isPressed": false,
        "isVisible": true,
        "items": Array [
          ToolItemDef {
            "_commandHandler": Object {
              "execute": [Function],
              "getCommandArgs": undefined,
              "parameters": undefined,
            },
            "_description": "",
            "_label": "",
            "_onItemExecuted": undefined,
            "_tooltip": "",
            "badgeType": undefined,
            "execute": [Function],
            "getKey": [Function],
            "handleSizeKnown": [Function],
            "iconSpec": "icon-section-plane",
            "isActive": false,
            "isDisabled": undefined,
            "isEnabled": true,
            "isHidden": undefined,
            "isPressed": false,
            "isVisible": true,
            "stateSyncIds": Array [],
            "toolId": "ViewClip.ByPlane",
          },
          ToolItemDef {
            "_commandHandler": Object {
              "execute": [Function],
              "getCommandArgs": undefined,
              "parameters": undefined,
            },
            "_description": "",
            "_label": "",
            "_onItemExecuted": undefined,
            "_tooltip": "",
            "badgeType": undefined,
            "execute": [Function],
            "getKey": [Function],
            "handleSizeKnown": [Function],
            "iconSpec": "icon-section-element",
            "isActive": false,
            "isDisabled": undefined,
            "isEnabled": true,
            "isHidden": undefined,
            "isPressed": false,
            "isVisible": true,
            "stateSyncIds": Array [],
            "toolId": "ViewClip.ByElement",
          },
          ToolItemDef {
            "_commandHandler": Object {
              "execute": [Function],
              "getCommandArgs": undefined,
              "parameters": undefined,
            },
            "_description": "",
            "_label": "",
            "_onItemExecuted": undefined,
            "_tooltip": "",
            "badgeType": undefined,
            "execute": [Function],
            "getKey": [Function],
            "handleSizeKnown": [Function],
            "iconSpec": "icon-section-range",
            "isActive": false,
            "isDisabled": undefined,
            "isEnabled": true,
            "isHidden": undefined,
            "isPressed": false,
            "isVisible": true,
            "stateSyncIds": Array [],
            "toolId": "ViewClip.ByRange",
          },
          ToolItemDef {
            "_commandHandler": Object {
              "execute": [Function],
              "getCommandArgs": undefined,
              "parameters": undefined,
            },
            "_description": "",
            "_label": "",
            "_onItemExecuted": undefined,
            "_tooltip": "",
            "badgeType": undefined,
            "execute": [Function],
            "getKey": [Function],
            "handleSizeKnown": [Function],
            "iconSpec": "icon-section-shape",
            "isActive": false,
            "isDisabled": undefined,
            "isEnabled": true,
            "isHidden": undefined,
            "isPressed": false,
            "isVisible": true,
            "stateSyncIds": Array [],
            "toolId": "ViewClip.ByShape",
          },
        ],
        "itemsInColumn": 4,
        "overflow": false,
        "stateSyncIds": Array [],
      },
    ]
  }
/>
`;

exports[`ReviewToolWidget ReviewToolWidget with suffix and prefix items should render correctly 1`] = `
<ToolWidget
  appButton={
    CommandItemDef {
      "_commandHandler": Object {
        "execute": [Function],
        "getCommandArgs": undefined,
        "parameters": undefined,
      },
      "_description": "",
      "_label": "commands.openBackstage",
      "_onItemExecuted": undefined,
      "_tooltip": "",
      "badgeType": undefined,
      "commandId": "UiFramework.openBackstage",
      "execute": [Function],
      "getKey": [Function],
      "handleSizeKnown": [Function],
      "iconSpec": "icon-home",
      "isActive": false,
      "isDisabled": undefined,
      "isEnabled": true,
      "isHidden": undefined,
      "isPressed": false,
      "isVisible": true,
      "stateSyncIds": Array [],
    }
  }
  horizontalItems={
    ItemList [
      CommandItemDef {
        "_commandHandler": Object {
          "execute": [Function],
          "getCommandArgs": undefined,
          "parameters": undefined,
        },
        "_description": "",
        "_label": "test-h1-tool",
        "_onItemExecuted": undefined,
        "_tooltip": "",
        "badgeType": undefined,
        "commandId": "test-h1-tool",
        "execute": [Function],
        "getKey": [Function],
        "handleSizeKnown": [Function],
        "iconSpec": "icon-developer",
        "isActive": false,
        "isDisabled": undefined,
        "isEnabled": true,
        "isHidden": undefined,
        "isPressed": false,
        "isVisible": true,
        "stateSyncIds": Array [],
      },
      CommandItemDef {
        "_commandHandler": Object {
          "execute": [Function],
          "getCommandArgs": undefined,
          "parameters": undefined,
        },
        "_description": "",
        "_label": "buttons.clearSelection",
        "_onItemExecuted": undefined,
        "_tooltip": "",
        "badgeType": undefined,
        "commandId": "UiFramework.ClearSelection",
        "execute": [Function],
        "getKey": [Function],
        "handleSizeKnown": [Function],
        "iconSpec": "icon-selection-clear",
        "isActive": false,
        "isDisabled": undefined,
        "isEnabled": true,
        "isHidden": ConditionalBooleanValue {
          "_value": undefined,
          "syncEventIds": Array [
            "selectionsetchanged",
            "activecontentchanged",
            "activeviewportchanged",
            "sessionstate:set-num-items-selected",
          ],
          "testFunc": [Function],
        },
        "isPressed": false,
        "isVisible": true,
        "stateFunc": [Function],
        "stateSyncIds": Array [
          "selectionsetchanged",
          "activecontentchanged",
          "activeviewportchanged",
          "sessionstate:set-num-items-selected",
        ],
      },
      CommandItemDef {
        "_commandHandler": Object {
          "execute": [Function],
          "getCommandArgs": undefined,
          "parameters": undefined,
        },
        "_description": "",
        "_label": "tools.hideSelected",
        "_onItemExecuted": undefined,
        "_tooltip": "",
        "badgeType": undefined,
        "commandId": "UiFramework.HideSelected",
        "execute": [Function],
        "getKey": [Function],
        "handleSizeKnown": [Function],
        "iconSpec": "icon-asset-classification-hide",
        "isActive": false,
        "isDisabled": undefined,
        "isEnabled": true,
        "isHidden": ConditionalBooleanValue {
          "_value": undefined,
          "syncEventIds": Array [
            "selectionsetchanged",
            "activecontentchanged",
            "activeviewportchanged",
            "sessionstate:set-num-items-selected",
          ],
          "testFunc": [Function],
        },
        "isPressed": false,
        "isVisible": true,
        "stateFunc": [Function],
        "stateSyncIds": Array [
          "selectionsetchanged",
          "activecontentchanged",
          "activeviewportchanged",
          "sessionstate:set-num-items-selected",
        ],
      },
      CommandItemDef {
        "_commandHandler": Object {
          "execute": [Function],
          "getCommandArgs": undefined,
          "parameters": undefined,
        },
        "_description": "",
        "_label": "tools.isolateSelected",
        "_onItemExecuted": undefined,
        "_tooltip": "",
        "badgeType": undefined,
        "commandId": "UiFramework.IsolateSelected",
        "execute": [Function],
        "getKey": [Function],
        "handleSizeKnown": [Function],
        "iconSpec": "icon-asset-isolate",
        "isActive": false,
        "isDisabled": undefined,
        "isEnabled": true,
        "isHidden": ConditionalBooleanValue {
          "_value": undefined,
          "syncEventIds": Array [
            "selectionsetchanged",
            "activecontentchanged",
            "activeviewportchanged",
            "sessionstate:set-num-items-selected",
          ],
          "testFunc": [Function],
        },
        "isPressed": false,
        "isVisible": true,
        "stateFunc": [Function],
        "stateSyncIds": Array [
          "selectionsetchanged",
          "activecontentchanged",
          "activeviewportchanged",
          "sessionstate:set-num-items-selected",
        ],
      },
      CommandItemDef {
        "_commandHandler": Object {
          "execute": [Function],
          "getCommandArgs": undefined,
          "parameters": undefined,
        },
        "_description": "",
        "_label": "tools.emphasizeSelected",
        "_onItemExecuted": undefined,
        "_tooltip": "",
        "badgeType": undefined,
        "commandId": "UiFramework.EmphasizeSelected",
        "execute": [Function],
        "getKey": [Function],
        "handleSizeKnown": [Function],
        "iconSpec": "icon-visibility-semi-transparent",
        "isActive": false,
        "isDisabled": undefined,
        "isEnabled": true,
        "isHidden": ConditionalBooleanValue {
          "_value": undefined,
          "syncEventIds": Array [
            "selectionsetchanged",
            "activecontentchanged",
            "activeviewportchanged",
            "sessionstate:set-num-items-selected",
          ],
          "testFunc": [Function],
        },
        "isPressed": false,
        "isVisible": true,
        "stateFunc": [Function],
        "stateSyncIds": Array [
          "selectionsetchanged",
          "activecontentchanged",
          "activeviewportchanged",
          "sessionstate:set-num-items-selected",
        ],
      },
      CommandItemDef {
        "_commandHandler": Object {
          "execute": [Function],
          "getCommandArgs": undefined,
          "parameters": undefined,
        },
        "_description": "",
        "_label": "test-h2-tool",
        "_onItemExecuted": undefined,
        "_tooltip": "",
        "badgeType": undefined,
        "commandId": "test-h2-tool",
        "execute": [Function],
        "getKey": [Function],
        "handleSizeKnown": [Function],
        "iconSpec": "icon-developer",
        "isActive": false,
        "isDisabled": undefined,
        "isEnabled": true,
        "isHidden": undefined,
        "isPressed": false,
        "isVisible": true,
        "stateSyncIds": Array [],
      },
    ]
  }
  verticalItems={
    ItemList [
      CommandItemDef {
        "_commandHandler": Object {
          "execute": [Function],
          "getCommandArgs": undefined,
          "parameters": undefined,
        },
        "_description": "",
        "_label": "test-v1-tool",
        "_onItemExecuted": undefined,
        "_tooltip": "",
        "badgeType": undefined,
        "commandId": "test-v1-tool",
        "execute": [Function],
        "getKey": [Function],
        "handleSizeKnown": [Function],
        "iconSpec": "icon-developer",
        "isActive": false,
        "isDisabled": undefined,
        "isEnabled": true,
        "isHidden": undefined,
        "isPressed": false,
        "isVisible": true,
        "stateSyncIds": Array [],
      },
      ToolItemDef {
        "_commandHandler": Object {
          "execute": [Function],
          "getCommandArgs": undefined,
          "parameters": undefined,
        },
        "_description": "",
        "_label": "",
        "_onItemExecuted": undefined,
        "_tooltip": "",
        "badgeType": undefined,
        "execute": [Function],
        "getKey": [Function],
        "handleSizeKnown": [Function],
        "iconSpec": "icon-cursor",
        "isActive": false,
        "isDisabled": undefined,
        "isEnabled": true,
        "isHidden": undefined,
        "isPressed": false,
        "isVisible": true,
        "stateSyncIds": Array [],
        "toolId": "Select",
      },
      GroupItemDef {
        "_description": "",
        "_label": "tools.measureTools",
        "_onItemExecuted": undefined,
        "_panelLabel": "",
        "_tooltip": "",
        "badgeType": undefined,
        "defaultActiveItemId": undefined,
        "direction": 3,
        "directionExplicit": false,
        "execute": [Function],
        "getKey": [Function],
        "groupId": "measureTools-group",
        "handleSizeKnown": [Function],
        "iconSpec": "icon-measure",
        "isActive": false,
        "isDisabled": undefined,
        "isEnabled": true,
        "isHidden": undefined,
        "isPressed": false,
        "isVisible": true,
        "items": Array [
          ToolItemDef {
            "_commandHandler": Object {
              "execute": [Function],
              "getCommandArgs": undefined,
              "parameters": undefined,
            },
            "_description": "",
            "_label": "",
            "_onItemExecuted": undefined,
            "_tooltip": "",
            "badgeType": undefined,
            "execute": [Function],
            "getKey": [Function],
            "handleSizeKnown": [Function],
            "iconSpec": "icon-measure-distance",
            "isActive": false,
            "isDisabled": undefined,
            "isEnabled": true,
            "isHidden": undefined,
            "isPressed": false,
            "isVisible": true,
            "stateSyncIds": Array [],
            "toolId": "Measure.Distance",
          },
          ToolItemDef {
            "_commandHandler": Object {
              "execute": [Function],
              "getCommandArgs": undefined,
              "parameters": undefined,
            },
            "_description": "",
            "_label": "",
            "_onItemExecuted": undefined,
            "_tooltip": "",
            "badgeType": undefined,
            "execute": [Function],
            "getKey": [Function],
            "handleSizeKnown": [Function],
            "iconSpec": "icon-measure-location",
            "isActive": false,
            "isDisabled": undefined,
            "isEnabled": true,
            "isHidden": undefined,
            "isPressed": false,
            "isVisible": true,
            "stateSyncIds": Array [],
            "toolId": "Measure.Location",
          },
        ],
        "itemsInColumn": 2,
        "overflow": false,
        "stateSyncIds": Array [],
      },
      GroupItemDef {
        "_description": "",
        "_label": "tools.sectionTools",
        "_onItemExecuted": undefined,
        "_panelLabel": "",
        "_tooltip": "",
        "badgeType": undefined,
        "defaultActiveItemId": undefined,
        "direction": 3,
        "directionExplicit": false,
        "execute": [Function],
        "getKey": [Function],
        "groupId": "sectionTools-group",
        "handleSizeKnown": [Function],
        "iconSpec": "icon-section-tool",
        "isActive": false,
        "isDisabled": undefined,
        "isEnabled": true,
        "isHidden": undefined,
        "isPressed": false,
        "isVisible": true,
        "items": Array [
          ToolItemDef {
            "_commandHandler": Object {
              "execute": [Function],
              "getCommandArgs": undefined,
              "parameters": undefined,
            },
            "_description": "",
            "_label": "",
            "_onItemExecuted": undefined,
            "_tooltip": "",
            "badgeType": undefined,
            "execute": [Function],
            "getKey": [Function],
            "handleSizeKnown": [Function],
            "iconSpec": "icon-section-plane",
            "isActive": false,
            "isDisabled": undefined,
            "isEnabled": true,
            "isHidden": undefined,
            "isPressed": false,
            "isVisible": true,
            "stateSyncIds": Array [],
            "toolId": "ViewClip.ByPlane",
          },
          ToolItemDef {
            "_commandHandler": Object {
              "execute": [Function],
              "getCommandArgs": undefined,
              "parameters": undefined,
            },
            "_description": "",
            "_label": "",
            "_onItemExecuted": undefined,
            "_tooltip": "",
            "badgeType": undefined,
            "execute": [Function],
            "getKey": [Function],
            "handleSizeKnown": [Function],
            "iconSpec": "icon-section-element",
            "isActive": false,
            "isDisabled": undefined,
            "isEnabled": true,
            "isHidden": undefined,
            "isPressed": false,
            "isVisible": true,
            "stateSyncIds": Array [],
            "toolId": "ViewClip.ByElement",
          },
          ToolItemDef {
            "_commandHandler": Object {
              "execute": [Function],
              "getCommandArgs": undefined,
              "parameters": undefined,
            },
            "_description": "",
            "_label": "",
            "_onItemExecuted": undefined,
            "_tooltip": "",
            "badgeType": undefined,
            "execute": [Function],
            "getKey": [Function],
            "handleSizeKnown": [Function],
            "iconSpec": "icon-section-range",
            "isActive": false,
            "isDisabled": undefined,
            "isEnabled": true,
            "isHidden": undefined,
            "isPressed": false,
            "isVisible": true,
            "stateSyncIds": Array [],
            "toolId": "ViewClip.ByRange",
          },
          ToolItemDef {
            "_commandHandler": Object {
              "execute": [Function],
              "getCommandArgs": undefined,
              "parameters": undefined,
            },
            "_description": "",
            "_label": "",
            "_onItemExecuted": undefined,
            "_tooltip": "",
            "badgeType": undefined,
            "execute": [Function],
            "getKey": [Function],
            "handleSizeKnown": [Function],
            "iconSpec": "icon-section-shape",
            "isActive": false,
            "isDisabled": undefined,
            "isEnabled": true,
            "isHidden": undefined,
            "isPressed": false,
            "isVisible": true,
            "stateSyncIds": Array [],
            "toolId": "ViewClip.ByShape",
          },
        ],
        "itemsInColumn": 4,
        "overflow": false,
        "stateSyncIds": Array [],
      },
      CommandItemDef {
        "_commandHandler": Object {
          "execute": [Function],
          "getCommandArgs": undefined,
          "parameters": undefined,
        },
        "_description": "",
        "_label": "test-v1-tool",
        "_onItemExecuted": undefined,
        "_tooltip": "",
        "badgeType": undefined,
        "commandId": "test-v1-tool",
        "execute": [Function],
        "getKey": [Function],
        "handleSizeKnown": [Function],
        "iconSpec": "icon-developer",
        "isActive": false,
        "isDisabled": undefined,
        "isEnabled": true,
        "isHidden": undefined,
        "isPressed": false,
        "isVisible": true,
        "stateSyncIds": Array [],
      },
    ]
  }
/>
`;
