// Jest Snapshot v1, https://goo.gl/fbAQLP

exports[`<ResizeGrip /> renders correctly 1`] = `
<PointerCaptor
  className="nz-widget-rectangular-resizeGrip nz-direction-ew"
  isPointerDown={false}
  onPointerDown={[Function]}
  onPointerMove={[Function]}
  onPointerUp={[Function]}
>
  <div
    className="nz-grip"
    onClick={[Function]}
    role="button"
    tabIndex={-1}
  />
</PointerCaptor>
`;
