// Jest Snapshot v1, https://goo.gl/fbAQLP

exports[`<StagePanels /> renders correctly 1`] = `
<div
  className="nz-stagePanels-stagePanels"
>
  <div
    className="nz-panel"
  />
  <div
    className="nz-rows"
  >
    <div
      className="nz-panel"
    />
    <div
      className="nz-content"
    />
    <div
      className="nz-panel"
    />
  </div>
  <div
    className="nz-panel"
  />
</div>
`;
