// Jest Snapshot v1, https://goo.gl/fbAQLP

exports[`Dialog renders renders correctly 1`] = `
<div
  className="dialog"
  data-testid="dialog-root"
>
  <WithOnOutsideClick>
    <div
      className="dialog-container center"
      data-testid="dialog-container"
      style={
        Object {
          "height": undefined,
          "left": undefined,
          "margin": "",
          "top": undefined,
          "width": "50%",
        }
      }
    >
      <div
        className="dialog-area"
      >
        <div
          className="dialog-head"
          onPointerDown={[Function]}
        >
          <div
            className="dialog-title"
          />
          <span
            className="dialog-close icon icon-close"
            data-testid="dialog-close"
          />
        </div>
        <div
          className="dialog-content"
        />
        <div
          className="dialog-footer"
        >
          <div
            className="dialog-buttons"
          />
        </div>
      </div>
      <div
        className="dialog-drag dialog-drag-right"
        onPointerDown={[Function]}
      />
      <div
        className="dialog-drag dialog-drag-bottom-mid"
        onPointerDown={[Function]}
      >
         
      </div>
      <div
        className="dialog-drag dialog-drag-bottom-right"
        onPointerDown={[Function]}
      />
    </div>
  </WithOnOutsideClick>
</div>
`;
