// Jest Snapshot v1, https://goo.gl/fbAQLP

exports[`Content fromJSON creates valid Content from valid JSON 1`] = `
Object {
  "contentSet": Array [
    Object {
      "classInfo": Object {
        "id": "0x8634000001605b",
        "label": "Associate",
        "name": "Ergonomic",
      },
      "displayValues": Object {
        "test": "Sports Steel program",
      },
      "imageId": "0a890ef4-a778-4e4a-be09-ff6d1800ec1d",
      "labelDefinition": Object {
        "displayValue": "Jamaica",
        "rawValue": "Avon",
        "typeName": "string",
      },
      "mergedFieldNames": Array [],
      "primaryKeys": Array [
        Object {
          "className": "Money Market Account",
          "id": "0xfab60000016bab",
        },
      ],
      "values": Object {
        "test": 39366,
      },
    },
  ],
  "descriptor": Object {
    "categories": Array [],
    "classesMap": Object {},
    "connectionId": "",
    "contentFlags": 0,
    "contentOptions": undefined,
    "displayType": "",
    "fields": Array [],
    "inputKeysHash": "",
    "selectClasses": Array [],
  },
}
`;

exports[`Content fromJSON creates valid Content from valid serialized JSON 1`] = `
Object {
  "contentSet": Array [
    Object {
      "classInfo": Object {
        "id": "0xc9b1000000e4ef",
        "label": "Intuitive",
        "name": "Handmade Metal Soap",
      },
      "displayValues": Object {
        "test": "Walk",
      },
      "imageId": "662345d2-c264-474e-848f-278119131c18",
      "labelDefinition": Object {
        "displayValue": "yellow",
        "rawValue": "Brand",
        "typeName": "string",
      },
      "mergedFieldNames": Array [],
      "primaryKeys": Array [
        Object {
          "className": "enhance",
          "id": "0x90ae000000ef81",
        },
      ],
      "values": Object {
        "test": 61626,
      },
    },
  ],
  "descriptor": Object {
    "categories": Array [],
    "classesMap": Object {},
    "connectionId": "",
    "contentFlags": 0,
    "contentOptions": undefined,
    "displayType": "",
    "fields": Array [],
    "inputKeysHash": "",
    "selectClasses": Array [],
  },
}
`;
