// Jest Snapshot v1, https://goo.gl/fbAQLP

exports[`Descriptor fromJSON creates valid Descriptor from valid JSON 1`] = `
Object {
  "categories": Array [
    Object {
      "description": "Test category description",
      "expand": false,
      "label": "Test Category",
      "name": "test-category",
      "priority": 0,
    },
  ],
  "classesMap": Object {
    "0x1": Object {
      "label": "label1",
      "name": "name1",
    },
    "0x2": Object {
      "label": "label2",
      "name": "name2",
    },
    "0x3": Object {
      "label": "label3",
      "name": "name3",
    },
    "0x4": Object {
      "label": "label4",
      "name": "name4",
    },
  },
  "connectionId": "",
  "contentFlags": 0,
  "contentOptions": undefined,
  "displayType": "",
  "fields": Array [
    Object {
      "category": "test-category",
      "editor": undefined,
      "isReadonly": false,
      "label": "Test Simple Field",
      "name": "test-simple-field",
      "priority": 0,
      "renderer": undefined,
      "type": Object {
        "typeName": "string",
        "valueFormat": "Primitive",
      },
    },
    Object {
      "category": "test-category",
      "editor": undefined,
      "isReadonly": false,
      "label": "Test Properties Field",
      "name": "test-properties-field",
      "priority": 0,
      "properties": Array [
        Object {
          "property": Object {
            "classInfo": "0x1",
            "name": "PropertyName",
            "type": "TestPropertyType",
          },
        },
      ],
      "renderer": undefined,
      "type": Object {
        "typeName": "string",
        "valueFormat": "Primitive",
      },
    },
    Object {
      "actualPrimaryClassIds": Array [],
      "autoExpand": false,
      "category": "test-category",
      "contentClassInfo": "0x2",
      "editor": undefined,
      "isReadonly": false,
      "label": "Test Nested Content Field",
      "name": "test-nested-content-field",
      "nestedFields": Array [
        Object {
          "category": "test-category",
          "editor": undefined,
          "isReadonly": false,
          "label": "Test Nested Properties Field",
          "name": "test-nested-properties-field",
          "priority": 0,
          "properties": Array [
            Object {
              "property": Object {
                "classInfo": "0x2",
                "name": "NestedPropertyName",
                "type": "TestNestedPropertyType",
              },
            },
          ],
          "renderer": undefined,
          "type": Object {
            "typeName": "string",
            "valueFormat": "Primitive",
          },
        },
      ],
      "pathToPrimaryClass": Array [
        Object {
          "isForwardRelationship": true,
          "isPolymorphicRelationship": false,
          "isPolymorphicTargetClass": false,
          "relationshipInfo": "0x4",
          "sourceClassInfo": "0x2",
          "targetClassInfo": "0x3",
        },
      ],
      "priority": 0,
      "relationshipMeaning": "RelatedInstance",
      "renderer": undefined,
      "type": Object {
        "members": Array [
          Object {
            "label": "String Type",
            "name": "StringType",
            "type": Object {
              "typeName": "string",
              "valueFormat": "Primitive",
            },
          },
        ],
        "typeName": "StructType",
        "valueFormat": "Struct",
      },
    },
  ],
  "inputKeysHash": "",
  "selectClasses": Array [
    Object {
      "isSelectPolymorphic": true,
      "navigationPropertyClasses": Array [
        Object {
          "isForwardRelationship": true,
          "isPolymorphicRelationship": false,
          "isPolymorphicTargetClass": false,
          "relationshipInfo": "0x4",
          "sourceClassInfo": "0x2",
          "targetClassInfo": "0x3",
        },
      ],
      "pathFromInputToSelectClass": Array [
        Object {
          "isForwardRelationship": true,
          "isPolymorphicTargetClass": false,
          "relationshipInfo": "0x4",
          "sourceClassInfo": "0x2",
          "targetClassInfo": "0x3",
        },
      ],
      "relatedInstancePaths": Array [
        Array [
          Object {
            "isForwardRelationship": true,
            "isPolymorphicRelationship": false,
            "isPolymorphicTargetClass": false,
            "relationshipInfo": "0x4",
            "sourceClassInfo": "0x2",
            "targetClassInfo": "0x3",
          },
        ],
      ],
      "relatedPropertyPaths": Array [
        Array [
          Object {
            "isForwardRelationship": true,
            "isPolymorphicRelationship": false,
            "isPolymorphicTargetClass": false,
            "relationshipInfo": "0x4",
            "sourceClassInfo": "0x2",
            "targetClassInfo": "0x3",
          },
        ],
      ],
      "selectClassInfo": "0x1",
    },
  ],
}
`;

exports[`Descriptor toJSON creates valid CompressedDescriptorJSON 1`] = `
Object {
  "categories": Array [
    Object {
      "description": "Test category description",
      "expand": false,
      "label": "Test Category",
      "name": "test-category",
      "priority": 0,
    },
  ],
  "classesMap": Object {
    "0x1": Object {
      "label": "Source",
      "name": "source:class",
    },
    "0x2": Object {
      "label": "Target",
      "name": "target:class",
    },
    "0x3": Object {
      "label": "Relationship",
      "name": "relationship:class",
    },
  },
  "connectionId": "",
  "contentFlags": 0,
  "contentOptions": undefined,
  "displayType": "",
  "fields": Array [
    Object {
      "category": "test-category",
      "editor": undefined,
      "isReadonly": false,
      "label": "Simple Field",
      "name": "SimpleField",
      "priority": 0,
      "renderer": undefined,
      "type": Object {
        "typeName": "string",
        "valueFormat": "Primitive",
      },
    },
    Object {
      "category": "test-category",
      "editor": undefined,
      "isReadonly": false,
      "label": "Properties Field",
      "name": "PropertiesField",
      "priority": 0,
      "properties": Array [
        Object {
          "property": Object {
            "classInfo": "0x1",
            "name": "PropertyName",
            "type": "string",
          },
        },
      ],
      "renderer": undefined,
      "type": Object {
        "typeName": "string",
        "valueFormat": "Primitive",
      },
    },
    Object {
      "actualPrimaryClassIds": Array [],
      "autoExpand": false,
      "category": "test-category",
      "contentClassInfo": "0x1",
      "editor": undefined,
      "isReadonly": false,
      "label": "Nested Content",
      "name": "NestedContentField",
      "nestedFields": Array [
        Object {
          "category": "test-category",
          "editor": undefined,
          "isReadonly": false,
          "label": "Simple Field",
          "name": "SimpleField",
          "priority": 0,
          "renderer": undefined,
          "type": Object {
            "typeName": "string",
            "valueFormat": "Primitive",
          },
        },
      ],
      "pathToPrimaryClass": Array [
        Object {
          "isForwardRelationship": false,
          "isPolymorphicRelationship": false,
          "isPolymorphicTargetClass": false,
          "relationshipInfo": "0x3",
          "sourceClassInfo": "0x1",
          "targetClassInfo": "0x2",
        },
      ],
      "priority": 0,
      "relationshipMeaning": "RelatedInstance",
      "renderer": undefined,
      "type": Object {
        "members": Array [
          Object {
            "label": "Simple Field",
            "name": "SimpleField",
            "type": Object {
              "typeName": "string",
              "valueFormat": "Primitive",
            },
          },
        ],
        "typeName": "NestedContentFieldType",
        "valueFormat": "Struct",
      },
    },
  ],
  "filterExpression": "testFilterExpression",
  "inputKeysHash": undefined,
  "selectClasses": Array [
    Object {
      "isSelectPolymorphic": false,
      "navigationPropertyClasses": Array [
        Object {
          "isForwardRelationship": false,
          "isPolymorphicRelationship": false,
          "isPolymorphicTargetClass": false,
          "relationshipInfo": "0x3",
          "sourceClassInfo": "0x1",
          "targetClassInfo": "0x2",
        },
      ],
      "pathFromInputToSelectClass": Array [
        Object {
          "isForwardRelationship": false,
          "isPolymorphicRelationship": false,
          "isPolymorphicTargetClass": false,
          "relationshipInfo": "0x3",
          "sourceClassInfo": "0x1",
          "targetClassInfo": "0x2",
        },
      ],
      "relatedInstancePaths": Array [
        Array [
          Object {
            "isForwardRelationship": false,
            "isPolymorphicRelationship": false,
            "isPolymorphicTargetClass": false,
            "relationshipInfo": "0x3",
            "sourceClassInfo": "0x1",
            "targetClassInfo": "0x2",
          },
        ],
      ],
      "relatedPropertyPaths": Array [
        Array [
          Object {
            "isForwardRelationship": false,
            "isPolymorphicRelationship": false,
            "isPolymorphicTargetClass": false,
            "relationshipInfo": "0x3",
            "sourceClassInfo": "0x1",
            "targetClassInfo": "0x2",
          },
        ],
      ],
      "selectClassInfo": "0x1",
    },
  ],
  "selectionInfo": Object {
    "level": 1,
    "providerName": "testProviderName",
  },
  "sortDirection": 0,
  "sortingFieldName": "SimpleField",
}
`;
