// Jest Snapshot v1, https://goo.gl/fbAQLP

exports[`SearchBox renders renders correctly 1`] = `
<div
  className="searchbox"
>
  <input
    onChange={[Function]}
    onCut={[Function]}
    onKeyDown={[Function]}
    onPaste={[Function]}
    placeholder="searchbox.search"
  />
  <div
    className="searchbox-button"
    onClick={[Function]}
  >
    <span
      className="searchbox-icon icon icon-search"
    />
  </div>
</div>
`;
