// Jest Snapshot v1, https://goo.gl/fbAQLP

exports[`<EditorContainer /> renders correctly 1`] = `
<span
  className="components-editor-container"
  data-testid="editor-container"
  onBlur={[Function]}
  onClick={[Function]}
  onContextMenu={[Function]}
  role="presentation"
  title="abc"
>
  <TextEditor
    onBlur={[Function]}
    onCancel={[Function]}
    onCommit={[Function]}
    propertyRecord={
      PropertyRecord {
        "isReadonly": false,
        "property": Object {
          "displayLabel": "Test1",
          "name": "Test1",
          "typename": "string",
        },
        "value": Object {
          "displayValue": "my value",
          "value": "my value",
          "valueFormat": 0,
        },
      }
    }
    setFocus={true}
  />
</span>
`;
