// Jest Snapshot v1, https://goo.gl/fbAQLP

exports[`<ImageCheckBoxEditor /> renders correctly 1`] = `
<ImageCheckBox
  border={true}
  checked={false}
  className="components-cell-editor components-imagecheckbox-editor"
  data-testid="components-imagecheckbox-editor"
  disabled={false}
  imageOff=""
  imageOn=""
  inputRef={
    Object {
      "current": null,
    }
  }
  onClick={[Function]}
/>
`;
