// Jest Snapshot v1, https://goo.gl/fbAQLP

exports[`<FooterZone /> renders correctly 1`] = `
<ZoneComponent
  bounds={
    Object {
      "bottom": 10,
      "left": 0,
      "right": 10,
      "top": 0,
    }
  }
  className="nz-zones-footer"
/>
`;

exports[`<FooterZone /> renders correctly in footer mode 1`] = `
<ZoneComponent
  bounds={
    Object {
      "bottom": 10,
      "left": 0,
      "right": 10,
      "top": 0,
    }
  }
  className="nz-zones-footer nz-is-in-footer-mode"
/>
`;

exports[`<FooterZone /> renders hidden correctly 1`] = `
<ZoneComponent
  bounds={
    Object {
      "bottom": 10,
      "left": 0,
      "right": 10,
      "top": 0,
    }
  }
  className="nz-zones-footer nz-is-hidden"
/>
`;
