// Jest Snapshot v1, https://goo.gl/fbAQLP

exports[`ContentLayout FourQuadrantsVertical renders correctly 1`] = `
<div
  className="contentlayout-open-mode"
  id="ContentLayoutDiv"
  key="fourQuadrantsVertical"
  onMouseDown={[Function]}
  onMouseUp={[Function]}
>
  <SplitContainer
    contentA={
      <SplitContainer
        contentA={
          <ContentWrapper
            content={
              <div>
                Test
              </div>
            }
          />
        }
        contentB={
          <ContentWrapper
            content={
              <div>
                Test
              </div>
            }
          />
        }
        orientation={0}
        percentage={0.5}
        resizable={false}
        splitterStateId=""
      />
    }
    contentB={
      <SplitContainer
        contentA={
          <ContentWrapper
            content={
              <div>
                Test
              </div>
            }
          />
        }
        contentB={
          <ContentWrapper
            content={
              <div>
                Test
              </div>
            }
          />
        }
        orientation={0}
        percentage={0.5}
        resizable={false}
        splitterStateId=""
      />
    }
    orientation={1}
    percentage={0.5}
    resizable={false}
    splitterStateId=""
  />
</div>
`;

exports[`ContentLayout FourQuadrantsVertical renders correctly 2`] = `
<div
  className="contentlayout-open-mode"
  id="ContentLayoutDiv"
  key="ContentLayout-1"
  onMouseDown={[Function]}
  onMouseUp={[Function]}
>
  <SplitContainer
    contentA={
      <SplitContainer
        contentA={
          <ContentWrapper
            content={
              <div>
                Test
              </div>
            }
          />
        }
        contentB={
          <ContentWrapper
            content={
              <div>
                Test
              </div>
            }
          />
        }
        orientation={1}
        percentage={0.5}
        resizable={false}
        splitterStateId=""
      />
    }
    contentB={
      <SplitContainer
        contentA={
          <ContentWrapper
            content={
              <div>
                Test
              </div>
            }
          />
        }
        contentB={
          <ContentWrapper
            content={
              <div>
                Test
              </div>
            }
          />
        }
        orientation={1}
        percentage={0.5}
        resizable={false}
        splitterStateId=""
      />
    }
    orientation={0}
    percentage={0.5}
    resizable={false}
    splitterStateId=""
  />
</div>
`;

exports[`ContentLayout SingleContent renders correctly 1`] = `
<div
  className="contentlayout-footer-mode"
  id="ContentLayoutDiv"
  key="SingleContent"
  onMouseDown={[Function]}
  onMouseUp={[Function]}
>
  <SingleContentContainer
    content={
      <div>
        Test
      </div>
    }
  />
</div>
`;

exports[`ContentLayout TwoHalvesHorizontal renders correctly 1`] = `
<div
  className="contentlayout-open-mode"
  id="ContentLayoutDiv"
  key="TwoHalvesHorizontal"
  onMouseDown={[Function]}
  onMouseUp={[Function]}
>
  <SplitContainer
    contentA={
      <ContentWrapper
        content={
          <div>
            Test
          </div>
        }
      />
    }
    contentB={
      <ContentWrapper
        content={
          <div>
            Test
          </div>
        }
      />
    }
    orientation={0}
    percentage={0.5}
    resizable={true}
    splitterStateId="TwoHalvesHorizontal.HorizontalSplit"
  />
</div>
`;

exports[`ContentLayout TwoHalvesVertical renders correctly 1`] = `
<div
  className="contentlayout-footer-mode"
  id="ContentLayoutDiv"
  key="TwoHalvesVertical"
  onMouseDown={[Function]}
  onMouseUp={[Function]}
>
  <SplitContainer
    contentA={
      <ContentWrapper
        content={
          <div>
            Test
          </div>
        }
      />
    }
    contentB={
      <ContentWrapper
        content={
          <div>
            Test
          </div>
        }
      />
    }
    orientation={1}
    percentage={0.5}
    resizable={true}
    splitterStateId="TwoHalvesVertical.VerticalSplit"
  />
</div>
`;
