// Jest Snapshot v1, https://goo.gl/fbAQLP

exports[`StagePanel SplitterPaneTarget should render 1`] = `
<SplitterPaneTarget
  onTargetChanged={[Function]}
/>
`;

exports[`StagePanel should not render w/o runtime props 1`] = `""`;

exports[`StagePanel should render collapsed pane 1`] = `
<div
  key="wd-0"
  style={
    Object {
      "display": "none",
      "height": "100%",
    }
  }
>
  <Component />
</div>
`;
