// Jest Snapshot v1, https://goo.gl/fbAQLP

exports[`<Subheading2 /> content renders correctly 1`] = `
<StyledText
  mainClassName="uicore-text-subheading-2"
>
  Test content
</StyledText>
`;

exports[`<Subheading2 /> renders correctly 1`] = `
<StyledText
  mainClassName="uicore-text-subheading-2"
/>
`;
