// Jest Snapshot v1, https://goo.gl/fbAQLP

exports[`ActionItemButton enabled renders correctly 1`] = `
<Item
  icon={
    <Icon
      iconSpec="icon-placeholder"
    />
  }
  isActive={false}
  isDisabled={false}
  key="command"
  onClick={[Function]}
  onKeyDown={[Function]}
  title="tests.label"
/>
`;

exports[`ActionItemButton hidden renders correctly 1`] = `""`;

exports[`ActionItemButton renders correctly 1`] = `
<Item
  icon={
    <Icon
      iconSpec="icon-placeholder"
    />
  }
  isActive={false}
  isDisabled={true}
  key="command"
  onClick={[Function]}
  onKeyDown={[Function]}
  title="tests.label"
/>
`;
