// Jest Snapshot v1, https://goo.gl/fbAQLP

exports[`CoreToolDefinitions ToolWidget should render correctly with Core Tool Definitions 1`] = `
<ToolWidgetWithDef
  horizontalToolbar={
    <Toolbar
      expandsTo={3}
      items={
        <UNDEFINED>
          <ActionItemButton
            actionItem={
              ToolItemDef {
                "_commandHandler": Object {
                  "execute": [Function],
                  "getCommandArgs": undefined,
                  "parameters": undefined,
                },
                "_label": [Function],
                "_tooltip": [Function],
                "execute": [Function],
                "featureId": "",
                "iconSpec": "icon-cursor",
                "isActive": false,
                "isEnabled": true,
                "isPressed": false,
                "isVisible": true,
                "stateSyncIds": Array [],
                "toolId": "Select",
              }
            }
          />
          <ActionItemButton
            actionItem={
              ToolItemDef {
                "_commandHandler": Object {
                  "execute": [Function],
                  "getCommandArgs": undefined,
                  "parameters": undefined,
                },
                "_label": [Function],
                "_tooltip": [Function],
                "execute": [Function],
                "featureId": "",
                "iconSpec": "icon-fit-to-view",
                "isActive": false,
                "isEnabled": true,
                "isPressed": false,
                "isVisible": true,
                "stateSyncIds": Array [],
                "toolId": "View.Fit",
              }
            }
          />
          <ActionItemButton
            actionItem={
              ToolItemDef {
                "_commandHandler": Object {
                  "execute": [Function],
                  "getCommandArgs": undefined,
                  "parameters": undefined,
                },
                "_label": [Function],
                "_tooltip": [Function],
                "execute": [Function],
                "featureId": "",
                "iconSpec": "icon-window-area",
                "isActive": false,
                "isEnabled": true,
                "isPressed": false,
                "isVisible": true,
                "stateSyncIds": Array [],
                "toolId": "View.WindowArea",
              }
            }
          />
          <ActionItemButton
            actionItem={
              ToolItemDef {
                "_commandHandler": Object {
                  "execute": [Function],
                  "getCommandArgs": undefined,
                  "parameters": undefined,
                },
                "_label": [Function],
                "_tooltip": [Function],
                "execute": [Function],
                "featureId": "",
                "iconSpec": "icon-zoom",
                "isActive": false,
                "isEnabled": true,
                "isPressed": false,
                "isVisible": true,
                "stateSyncIds": Array [],
                "toolId": "View.Zoom",
              }
            }
          />
          <ActionItemButton
            actionItem={
              ToolItemDef {
                "_commandHandler": Object {
                  "execute": [Function],
                  "getCommandArgs": undefined,
                  "parameters": undefined,
                },
                "_label": [Function],
                "_tooltip": [Function],
                "execute": [Function],
                "featureId": "",
                "iconSpec": "icon-hand-2",
                "isActive": false,
                "isEnabled": true,
                "isPressed": false,
                "isVisible": true,
                "stateSyncIds": Array [],
                "toolId": "View.Pan",
              }
            }
          />
          <ActionItemButton
            actionItem={
              ToolItemDef {
                "_commandHandler": Object {
                  "execute": [Function],
                  "getCommandArgs": undefined,
                  "parameters": undefined,
                },
                "_label": [Function],
                "_tooltip": [Function],
                "execute": [Function],
                "featureId": "",
                "iconSpec": "icon-rotate-left",
                "isActive": false,
                "isEnabled": true,
                "isPressed": false,
                "isVisible": true,
                "stateSyncIds": Array [],
                "toolId": "View.Rotate",
              }
            }
          />
          <ActionItemButton
            actionItem={
              ToolItemDef {
                "_commandHandler": Object {
                  "execute": [Function],
                  "getCommandArgs": undefined,
                  "parameters": undefined,
                },
                "_label": [Function],
                "_tooltip": [Function],
                "execute": [Function],
                "featureId": "",
                "iconSpec": "icon-walk",
                "isActive": false,
                "isEnabled": true,
                "isPressed": false,
                "isVisible": true,
                "stateSyncIds": Array [],
                "toolId": "View.Walk",
              }
            }
          />
          <ActionItemButton
            actionItem={
              ToolItemDef {
                "_commandHandler": Object {
                  "execute": [Function],
                  "getCommandArgs": undefined,
                  "parameters": undefined,
                },
                "_label": [Function],
                "_tooltip": [Function],
                "execute": [Function],
                "featureId": "",
                "iconSpec": "icon-camera",
                "isActive": false,
                "isEnabled": true,
                "isPressed": false,
                "isVisible": true,
                "stateSyncIds": Array [],
                "toolId": "View.ToggleCamera",
              }
            }
          />
          <ActionItemButton
            actionItem={
              ToolItemDef {
                "_commandHandler": Object {
                  "execute": [Function],
                  "getCommandArgs": undefined,
                  "parameters": undefined,
                },
                "_label": [Function],
                "_tooltip": [Function],
                "execute": [Function],
                "featureId": "",
                "iconSpec": "icon-airplane",
                "isActive": false,
                "isEnabled": true,
                "isPressed": false,
                "isVisible": true,
                "stateSyncIds": Array [],
                "toolId": "View.Fly",
              }
            }
          />
          <ActionItemButton
            actionItem={
              ToolItemDef {
                "_commandHandler": Object {
                  "execute": [Function],
                  "getCommandArgs": undefined,
                  "parameters": undefined,
                },
                "_label": [Function],
                "_tooltip": [Function],
                "execute": [Function],
                "featureId": "",
                "iconSpec": "icon-camera-animation",
                "isActive": false,
                "isEnabled": true,
                "isPressed": false,
                "isVisible": true,
                "stateFunc": [Function],
                "stateSyncIds": Array [
                  "activecontentchanged",
                ],
                "toolId": "AnalysisAnimationTool",
              }
            }
          />
        </UNDEFINED>
      }
      panelAlignment={0}
    />
  }
  toolWidgetDef={
    ToolWidgetDef {
      "_appButton": undefined,
      "_handleSyncUiEvent": [Function],
      "_label": "",
      "_tooltip": "",
      "classId": undefined,
      "featureId": "",
      "fillZone": false,
      "horizontalDirection": 3,
      "horizontalItems": undefined,
      "id": "toolWidget",
      "isActive": false,
      "isEnabled": true,
      "isFloating": false,
      "isFloatingStateSupported": false,
      "isFloatingStateWindowResizable": true,
      "isFreeform": false,
      "isPressed": false,
      "isStatusBar": false,
      "isToolSettings": false,
      "isVisible": true,
      "priority": 0,
      "renderHorizontalToolbar": [Function],
      "renderVerticalToolbar": [Function],
      "stateChanged": false,
      "stateSyncIds": Array [],
      "verticalDirection": 2,
      "verticalItems": undefined,
      "widgetType": 0,
    }
  }
/>
`;
