// Jest Snapshot v1, https://goo.gl/fbAQLP

exports[`MarkupToolDefinitions ToolWidget should render correctly with Markup Tool Definitions 1`] = `
<ToolWidgetWithDef
  horizontalToolbar={
    <Toolbar
      expandsTo={3}
      items={
        <UNDEFINED>
          <ActionItemButton
            actionItem={
              ToolItemDef {
                "_commandHandler": Object {
                  "execute": [Function],
                  "getCommandArgs": undefined,
                  "parameters": undefined,
                },
                "_description": [Function],
                "_label": [Function],
                "_tooltip": "",
                "betaBadge": false,
                "execute": [Function],
                "getKey": [Function],
                "handleSizeKnown": [Function],
                "iconSpec": "icon-cursor",
                "isActive": false,
                "isEnabled": true,
                "isPressed": false,
                "isVisible": true,
                "stateSyncIds": Array [],
                "toolId": "Markup.Select",
              }
            }
          />
          <ActionItemButton
            actionItem={
              ToolItemDef {
                "_commandHandler": Object {
                  "execute": [Function],
                  "getCommandArgs": undefined,
                  "parameters": undefined,
                },
                "_description": [Function],
                "_label": [Function],
                "_tooltip": "",
                "betaBadge": false,
                "execute": [Function],
                "getKey": [Function],
                "handleSizeKnown": [Function],
                "iconSpec": "icon-line",
                "isActive": false,
                "isEnabled": true,
                "isPressed": false,
                "isVisible": true,
                "stateSyncIds": Array [],
                "toolId": "Markup.Line",
              }
            }
          />
          <ActionItemButton
            actionItem={
              ToolItemDef {
                "_commandHandler": Object {
                  "execute": [Function],
                  "getCommandArgs": undefined,
                  "parameters": undefined,
                },
                "_description": [Function],
                "_label": [Function],
                "_tooltip": "",
                "betaBadge": false,
                "execute": [Function],
                "getKey": [Function],
                "handleSizeKnown": [Function],
                "iconSpec": "icon-rectangle",
                "isActive": false,
                "isEnabled": true,
                "isPressed": false,
                "isVisible": true,
                "stateSyncIds": Array [],
                "toolId": "Markup.Rectangle",
              }
            }
          />
          <ActionItemButton
            actionItem={
              ToolItemDef {
                "_commandHandler": Object {
                  "execute": [Function],
                  "getCommandArgs": undefined,
                  "parameters": undefined,
                },
                "_description": [Function],
                "_label": [Function],
                "_tooltip": "",
                "betaBadge": false,
                "execute": [Function],
                "getKey": [Function],
                "handleSizeKnown": [Function],
                "iconSpec": "icon-polygon",
                "isActive": false,
                "isEnabled": true,
                "isPressed": false,
                "isVisible": true,
                "stateSyncIds": Array [],
                "toolId": "Markup.Polygon",
              }
            }
          />
          <ActionItemButton
            actionItem={
              ToolItemDef {
                "_commandHandler": Object {
                  "execute": [Function],
                  "getCommandArgs": undefined,
                  "parameters": undefined,
                },
                "_description": [Function],
                "_label": [Function],
                "_tooltip": "",
                "betaBadge": false,
                "execute": [Function],
                "getKey": [Function],
                "handleSizeKnown": [Function],
                "iconSpec": "icon-cloud",
                "isActive": false,
                "isEnabled": true,
                "isPressed": false,
                "isVisible": true,
                "stateSyncIds": Array [],
                "toolId": "Markup.Cloud",
              }
            }
          />
          <ActionItemButton
            actionItem={
              ToolItemDef {
                "_commandHandler": Object {
                  "execute": [Function],
                  "getCommandArgs": undefined,
                  "parameters": undefined,
                },
                "_description": [Function],
                "_label": [Function],
                "_tooltip": "",
                "betaBadge": false,
                "execute": [Function],
                "getKey": [Function],
                "handleSizeKnown": [Function],
                "iconSpec": "icon-ellipse",
                "isActive": false,
                "isEnabled": true,
                "isPressed": false,
                "isVisible": true,
                "stateSyncIds": Array [],
                "toolId": "Markup.Ellipse",
              }
            }
          />
          <ActionItemButton
            actionItem={
              ToolItemDef {
                "_commandHandler": Object {
                  "execute": [Function],
                  "getCommandArgs": undefined,
                  "parameters": undefined,
                },
                "_description": [Function],
                "_label": [Function],
                "_tooltip": "",
                "betaBadge": false,
                "execute": [Function],
                "getKey": [Function],
                "handleSizeKnown": [Function],
                "iconSpec": "icon-callout",
                "isActive": false,
                "isEnabled": true,
                "isPressed": false,
                "isVisible": true,
                "stateSyncIds": Array [],
                "toolId": "Markup.Arrow",
              }
            }
          />
          <ActionItemButton
            actionItem={
              ToolItemDef {
                "_commandHandler": Object {
                  "execute": [Function],
                  "getCommandArgs": undefined,
                  "parameters": undefined,
                },
                "_description": [Function],
                "_label": [Function],
                "_tooltip": "",
                "betaBadge": false,
                "execute": [Function],
                "getKey": [Function],
                "handleSizeKnown": [Function],
                "iconSpec": "icon-distance",
                "isActive": false,
                "isEnabled": true,
                "isPressed": false,
                "isVisible": true,
                "stateSyncIds": Array [],
                "toolId": "Markup.Distance",
              }
            }
          />
          <ActionItemButton
            actionItem={
              ToolItemDef {
                "_commandHandler": Object {
                  "execute": [Function],
                  "getCommandArgs": undefined,
                  "parameters": undefined,
                },
                "_description": [Function],
                "_label": [Function],
                "_tooltip": "",
                "betaBadge": false,
                "execute": [Function],
                "getKey": [Function],
                "handleSizeKnown": [Function],
                "iconSpec": "icon-draw",
                "isActive": false,
                "isEnabled": true,
                "isPressed": false,
                "isVisible": true,
                "stateSyncIds": Array [],
                "toolId": "Markup.Sketch",
              }
            }
          />
          <ActionItemButton
            actionItem={
              ToolItemDef {
                "_commandHandler": Object {
                  "execute": [Function],
                  "getCommandArgs": undefined,
                  "parameters": undefined,
                },
                "_description": [Function],
                "_label": [Function],
                "_tooltip": "",
                "betaBadge": false,
                "execute": [Function],
                "getKey": [Function],
                "handleSizeKnown": [Function],
                "iconSpec": "icon-text-medium",
                "isActive": false,
                "isEnabled": true,
                "isPressed": false,
                "isVisible": true,
                "stateSyncIds": Array [],
                "toolId": "Markup.Text.Place",
              }
            }
          />
          <ActionItemButton
            actionItem={
              ToolItemDef {
                "_commandHandler": Object {
                  "execute": [Function],
                  "getCommandArgs": undefined,
                  "parameters": undefined,
                },
                "_description": [Function],
                "_label": [Function],
                "_tooltip": "",
                "betaBadge": false,
                "execute": [Function],
                "getKey": [Function],
                "handleSizeKnown": [Function],
                "iconSpec": "icon-symbol",
                "isActive": false,
                "isEnabled": true,
                "isPressed": false,
                "isVisible": true,
                "stateSyncIds": Array [],
                "toolId": "Markup.Symbol",
              }
            }
          />
        </UNDEFINED>
      }
      panelAlignment={0}
    />
  }
  toolWidgetDef={
    ToolWidgetDef {
      "_appButton": undefined,
      "_handleSyncUiEvent": [Function],
      "_label": "",
      "_toolbarBaseName": "[TestFrontstage]ToolWidget",
      "_tooltip": "",
      "classId": undefined,
      "fillZone": false,
      "horizontalDirection": 3,
      "horizontalItems": undefined,
      "horizontalPanelAlignment": 0,
      "id": "toolWidget",
      "isFloating": false,
      "isFloatingStateSupported": false,
      "isFloatingStateWindowResizable": true,
      "isFreeform": false,
      "isStatusBar": false,
      "isToolSettings": false,
      "priority": 0,
      "state": 4,
      "stateChanged": false,
      "syncEventIds": Array [],
      "verticalDirection": 2,
      "verticalItems": undefined,
      "verticalPanelAlignment": 0,
      "widgetType": 0,
    }
  }
/>
`;
