// Jest Snapshot v1, https://goo.gl/fbAQLP

exports[`Calculator renders correctly 1`] = `
<div
  className="uifw-calculator"
  engine={
    CalculatorEngine {
      "_calculate": [Function],
      "_createResultString": [Function],
      "_displayValue": "0",
      "_firstValue": "",
      "_isMathOperator": [Function],
      "_modValue": "",
      "_operator": undefined,
      "_previousKeyType": 0,
      "_updateCalculatorState": [Function],
    }
  }
  onKeyDown={[Function]}
  tabIndex={-1}
>
  <div
    className="uifw-calculator-top"
  >
    <ForwardRef
      readOnly={true}
      value="0"
    />
  </div>
  <CalculatorKeyPad
    onOperatorClick={[Function]}
    onValueClick={[Function]}
  />
  <div
    className="uifw-calculator-bottom-buttons"
  >
    <ForwardRef
      className="uifw-calculator-large-button uifw-calculator-ok-button"
      onClick={[Function]}
      styleType="cta"
    >
      <Icon
        iconSpec="icon-checkmark"
      />
    </ForwardRef>
    <ForwardRef
      className="uifw-calculator-large-button uifw-calculator-cancel-button"
      onClick={[Function]}
    >
      <Icon
        iconSpec="icon-remove"
      />
    </ForwardRef>
  </div>
</div>
`;
