// Jest Snapshot v1, https://goo.gl/fbAQLP

exports[`MenuButton renders correctly 1`] = `
<div
  className="uifw-menu-button"
  style={
    Object {
      "left": 100,
      "top": 120,
    }
  }
>
  <SquareButton
    onClick={[Function]}
  >
    <Icon
      iconSpec="icon-more-2"
    />
  </SquareButton>
  <ContextMenu
    autoflip={false}
    direction="bottom right"
    edgeLimit={true}
    floating={true}
    hotkeySelect={true}
    onEsc={[Function]}
    onOutsideClick={[Function]}
    onSelect={[Function]}
    opened={false}
    selectedIndex={0}
  />
</div>
`;
