// Jest Snapshot v1, https://goo.gl/fbAQLP

exports[`<MessageCenterTab /> renders active correctly 1`] = `
<div
  className="nz-footer-messageCenter-tab nz-active"
  role="tab"
  tabIndex={-1}
/>
`;

exports[`<MessageCenterTab /> renders correctly 1`] = `
<div
  className="nz-footer-messageCenter-tab"
  role="tab"
  tabIndex={-1}
/>
`;
