// Jest Snapshot v1, https://goo.gl/fbAQLP

exports[`<Footer /> renders correctly 1`] = `
<div
  className="nz-footer-footer"
>
  <div>
    <div
      className="nz-messages"
    />
    <div
      className="nz-indicators"
    />
  </div>
</div>
`;

exports[`<Footer /> renders correctly in footer mode 1`] = `
<div
  className="nz-footer-footer nz-footer-mode"
>
  <div>
    <div
      className="nz-messages"
    />
    <div
      className="nz-indicators"
    />
  </div>
</div>
`;

exports[`<Footer /> renders safe area aware correctly 1`] = `
<div
  className="nz-footer-footer nz-safe-area-bottom nz-safe-area-left nz-safe-area-right nz-safe-area-top"
>
  <div>
    <div
      className="nz-messages"
    />
    <div
      className="nz-indicators"
    />
  </div>
</div>
`;
