// Jest Snapshot v1, https://goo.gl/fbAQLP

exports[`MessageBox renders renders correctly 1`] = `
<Dialog
  alignment="center"
  buttonCluster={
    Array [
      Object {
        "buttonStyle": "iui-cta",
        "onClick": [Function],
        "type": "close",
      },
    ]
  }
  hideHeader={false}
  inset={true}
  minHeight={100}
  minWidth={300}
  modal={true}
  movable={false}
  opened={true}
  resizable={false}
  trapFocus={false}
  width="512px"
>
  <MessageContainer
    severity={1}
  />
</Dialog>
`;
