// Jest Snapshot v1, https://goo.gl/fbAQLP

exports[`<LoadingStatus /> renders correctly 1`] = `
<div
  className="loading-status-container"
>
  <span
    className="loading-status-message"
  />
  <span
    className="loading-status-percent"
  >
    0%
  </span>
</div>
`;

exports[`<LoadingStatus /> renders with message and position correctly 1`] = `
<div
  className="loading-status-container"
>
  <span
    className="loading-status-message"
  >
    test
  </span>
  <span
    className="loading-status-percent"
  >
    50%
  </span>
</div>
`;

exports[`<LoadingStatus /> renders with message correctly 1`] = `
<div
  className="loading-status-container"
>
  <span
    className="loading-status-message"
  >
    test
  </span>
  <span
    className="loading-status-percent"
  >
    0%
  </span>
</div>
`;
