// Jest Snapshot v1, https://goo.gl/fbAQLP

exports[`ImageRenderer render renders svg 1`] = `
"<div><svg xmlns=\\"http://www.w3.org/2000/svg\\" version=\\"1.0\\" width=\\"480\\" height=\\"543.03003\\" viewBox=\\"0 0 257.002 297.5\\" xml:space=\\"preserve\\">
      <g transform=\\"matrix(0.8526811,0,0,0.8526811,18.930632,21.913299)\\">
        <polygon points=\\"8.003,218.496 0,222.998 0,74.497 8.003,78.999 8.003,218.496 \\"></polygon>
      </g>
    </svg></div>"
`;
