// Jest Snapshot v1, https://goo.gl/fbAQLP

exports[`<Footer /> renders correctly 1`] = `
<div
  className="nz-footer-footer"
>
  <div
    className="nz-message"
  />
  <div
    className="nz-indicators"
  />
</div>
`;

exports[`<Footer /> renders correctly 2`] = `
<Component
  bounds={
    Object {
      "bottom": 10,
      "left": 0,
      "right": 10,
      "top": 0,
    }
  }
  className="nz-zones-footer"
/>
`;
