// Jest Snapshot v1, https://goo.gl/fbAQLP

exports[`RulesetTesting generates correct content for 'Items' ruleset. ClassName: 'DgnCustomItemTypes_MyProp:temperatureElementAspect' 1`] = `
Array [
  PropertyRecord {
    "description": "0.0 Δ°C",
    "property": Object {
      "displayLabel": "Delta celsius",
      "name": "temperatureElementAspect_Delta__x0020__celsius",
      "typename": "double",
    },
    "value": Object {
      "displayValue": "0.0 Δ°C",
      "value": 0,
      "valueFormat": 0,
    },
  },
]
`;
