// Jest Snapshot v1, https://goo.gl/fbAQLP

exports[`RulesetTesting generates correct content for 'Items' ruleset. ClassName: 'DgnCustomItemTypes_MyProp:temperature__x0020__per__x0020__lengthElementAspect' 1`] = `
Array [
  PropertyRecord {
    "description": "123.456789 ΔK/m",
    "property": Object {
      "displayLabel": "delta degree Kelvin per meter",
      "name": "temperature__x0020__per__x0020__lengthElementAspect_delta__x0020__degree__x0020__Kelvin__x0020__per__x0020__meter",
      "typename": "double",
    },
    "value": Object {
      "displayValue": "123.456789 ΔK/m",
      "value": 123.456789,
      "valueFormat": 0,
    },
  },
]
`;
