// Jest Snapshot v1, https://goo.gl/fbAQLP

exports[`<Tab /> renders collapsed correctly 1`] = `
<div
  className="nz-widget-rectangular-tab-tab nz-protruding nz-collapsed nz-left-anchor nz-middle-anchor nz-mode-open"
>
  <DragHandle
    className="nz-draggable"
  />
</div>
`;

exports[`<Tab /> renders correctly 1`] = `
<div
  className="nz-widget-rectangular-tab-tab nz-protruding nz-left-anchor nz-middle-anchor nz-mode-open"
>
  <DragHandle
    className="nz-draggable"
  />
</div>
`;

exports[`<Tab /> renders with last position correctly 1`] = `
<div
  className="nz-widget-rectangular-tab-tab nz-protruding nz-left-anchor nz-middle-anchor nz-mode-open"
>
  <DragHandle
    className="nz-draggable"
    lastPosition={
      Object {
        "x": 0,
        "y": 0,
      }
    }
  />
</div>
`;
