// Jest Snapshot v1, https://goo.gl/fbAQLP

exports[`Hierarchies Counting instances of selected nodes correctly counts instances when key set contains grouping node keys 1`] = `
Array [
  Object {
    "description": "A container for persisting definition elements.",
    "hasChildren": true,
    "imageId": "ECClassImage://BisCore:DefinitionModel",
    "key": Object {
      "className": "BisCore:DefinitionModel",
      "groupedInstancesCount": 1,
      "pathFromRoot": Array [
        "c21e2f271caa35a8b8143bef59145b45",
      ],
      "type": "ECClassGroupingNode",
    },
    "label": "Definition Model",
  },
  Object {
    "description": "The singleton container for repository-specific definition elements.",
    "hasChildren": true,
    "imageId": "ECClassImage://BisCore:DictionaryModel",
    "key": Object {
      "className": "BisCore:DictionaryModel",
      "groupedInstancesCount": 1,
      "pathFromRoot": Array [
        "4503dcff78f03ebedb5e570754853c32",
      ],
      "type": "ECClassGroupingNode",
    },
    "label": "Dictionary Model",
  },
  Object {
    "description": "Contains a list of document elements.",
    "hasChildren": true,
    "imageId": "ECClassImage://BisCore:DocumentListModel",
    "key": Object {
      "className": "BisCore:DocumentListModel",
      "groupedInstancesCount": 2,
      "pathFromRoot": Array [
        "eff375f6c67bdd8d98f634256372ffc1",
      ],
      "type": "ECClassGroupingNode",
    },
    "label": "Document List",
  },
  Object {
    "hasChildren": true,
    "imageId": "ECClassImage://Generic:GroupModel",
    "key": Object {
      "className": "Generic:GroupModel",
      "groupedInstancesCount": 1,
      "pathFromRoot": Array [
        "201b04ca27dcc3749597213cc1a3c6d2",
      ],
      "type": "ECClassGroupingNode",
    },
    "label": "Group Model",
  },
  Object {
    "description": "A container for persisting link elements.",
    "hasChildren": true,
    "imageId": "ECClassImage://BisCore:LinkModel",
    "key": Object {
      "className": "BisCore:LinkModel",
      "groupedInstancesCount": 1,
      "pathFromRoot": Array [
        "c5d631e170de362427b52ee7194ca492",
      ],
      "type": "ECClassGroupingNode",
    },
    "label": "Link Model",
  },
  Object {
    "description": "A container for persisting physical elements that model physical space.",
    "hasChildren": true,
    "imageId": "ECClassImage://BisCore:PhysicalModel",
    "key": Object {
      "className": "BisCore:PhysicalModel",
      "groupedInstancesCount": 1,
      "pathFromRoot": Array [
        "60b69ceaa1e7a27a33ebdc0c2c026671",
      ],
      "type": "ECClassGroupingNode",
    },
    "label": "Physical Model",
  },
  Object {
    "description": "The singleton container of repository-related information elements.",
    "hasChildren": true,
    "imageId": "ECClassImage://BisCore:RepositoryModel",
    "key": Object {
      "className": "BisCore:RepositoryModel",
      "groupedInstancesCount": 1,
      "pathFromRoot": Array [
        "a7dd02daf3add1f72e67583ae88f53d2",
      ],
      "type": "ECClassGroupingNode",
    },
    "label": "Repository Model",
  },
]
`;

exports[`Hierarchies NodesPaths gets filtered node paths 1`] = `
Array [
  Object {
    "children": Array [
      Object {
        "children": Array [],
        "filteringData": Object {
          "childrenOccurances": 0,
          "occurances": 1,
        },
        "index": 0,
        "isMarked": false,
        "node": Object {
          "description": "description",
          "imageId": "imageId",
          "key": Object {
            "pathFromRoot": Array [
              "4e3a3d7e1f9bfb1a18764f819054a484",
              "69d1bbdd0c7461ce5178118478ac04f1",
            ],
            "type": "nodeType",
          },
          "label": "filter ch1",
        },
      },
      Object {
        "children": Array [
          Object {
            "children": Array [],
            "filteringData": Object {
              "childrenOccurances": 0,
              "occurances": 1,
            },
            "index": 0,
            "isMarked": false,
            "node": Object {
              "description": "description",
              "imageId": "imageId",
              "key": Object {
                "pathFromRoot": Array [
                  "4e3a3d7e1f9bfb1a18764f819054a484",
                  "fed8f978e81c9c7d552c1b01f4a4557a",
                  "066e82e3d6bcb07a085b2dc96ae23fb9",
                ],
                "type": "nodeType",
              },
              "label": "filter ch4",
            },
          },
        ],
        "filteringData": Object {
          "childrenOccurances": 1,
          "occurances": 0,
        },
        "index": 1,
        "isMarked": false,
        "node": Object {
          "description": "description",
          "hasChildren": true,
          "imageId": "imageId",
          "key": Object {
            "pathFromRoot": Array [
              "4e3a3d7e1f9bfb1a18764f819054a484",
              "fed8f978e81c9c7d552c1b01f4a4557a",
            ],
            "type": "nodeType",
          },
          "label": "other ch3",
        },
      },
    ],
    "filteringData": Object {
      "childrenOccurances": 2,
      "occurances": 1,
    },
    "index": 0,
    "isMarked": false,
    "node": Object {
      "description": "description",
      "hasChildren": true,
      "imageId": "imageId",
      "key": Object {
        "pathFromRoot": Array [
          "4e3a3d7e1f9bfb1a18764f819054a484",
        ],
        "type": "nodeType",
      },
      "label": "filter r1",
    },
  },
  Object {
    "children": Array [
      Object {
        "children": Array [],
        "filteringData": Object {
          "childrenOccurances": 0,
          "occurances": 1,
        },
        "index": 0,
        "isMarked": false,
        "node": Object {
          "description": "description",
          "imageId": "imageId",
          "key": Object {
            "pathFromRoot": Array [
              "5f439b5dbf3be77befb886495212a6cd",
              "9b6fe8f8068a6c1044ba1d0dd0bd1c77",
            ],
            "type": "nodeType",
          },
          "label": "filter ch6",
        },
      },
    ],
    "filteringData": Object {
      "childrenOccurances": 1,
      "occurances": 0,
    },
    "index": 1,
    "isMarked": false,
    "node": Object {
      "description": "description",
      "hasChildren": true,
      "imageId": "imageId",
      "key": Object {
        "pathFromRoot": Array [
          "5f439b5dbf3be77befb886495212a6cd",
        ],
        "type": "nodeType",
      },
      "label": "other r3",
    },
  },
]
`;

exports[`Hierarchies NodesPaths gets node paths 1`] = `
Array [
  Object {
    "children": Array [
      Object {
        "children": Array [
          Object {
            "children": Array [
              Object {
                "children": Array [],
                "filteringData": Object {
                  "childrenOccurances": 0,
                  "occurances": 0,
                },
                "index": 0,
                "isMarked": false,
                "node": Object {
                  "imageId": "ECLiteralImage://ELEMENT",
                  "key": Object {
                    "instanceKey": Object {
                      "className": "BisCore:DefinitionPartition",
                      "id": "0x10",
                    },
                    "pathFromRoot": Array [
                      "45ed9ff8b0cb819e20233875cb23b2d2",
                      "a7ff4f8624332132b4d3dba2c47d06c9",
                      "9b183dfe9b2406eca48d3f5a816457a4",
                      "d41c2c5e9eec46f88bb0da8df127e946",
                      "51b456ac0d991180fb344b4cad656e27",
                    ],
                    "type": "ECInstanceNode",
                  },
                  "label": "BisCore.DictionaryModel",
                },
              },
            ],
            "filteringData": Object {
              "childrenOccurances": 0,
              "occurances": 0,
            },
            "index": 0,
            "isMarked": false,
            "node": Object {
              "description": "A Definition Partition element indicates that there is a definition-related modeling perspective within the overall DgnDb information hierarchy. A Definition Partition is always parented to a Subject and broken down by a Definition Model.",
              "hasChildren": true,
              "imageId": "ECClassImage://BisCore:DefinitionPartition",
              "key": Object {
                "className": "BisCore:DefinitionPartition",
                "groupedInstancesCount": 1,
                "pathFromRoot": Array [
                  "45ed9ff8b0cb819e20233875cb23b2d2",
                  "a7ff4f8624332132b4d3dba2c47d06c9",
                  "9b183dfe9b2406eca48d3f5a816457a4",
                  "d41c2c5e9eec46f88bb0da8df127e946",
                ],
                "type": "ECClassGroupingNode",
              },
              "label": "Definition Partition",
            },
          },
          Object {
            "children": Array [
              Object {
                "children": Array [],
                "filteringData": Object {
                  "childrenOccurances": 0,
                  "occurances": 0,
                },
                "index": 0,
                "isMarked": true,
                "node": Object {
                  "imageId": "ECLiteralImage://ELEMENT",
                  "key": Object {
                    "instanceKey": Object {
                      "className": "BisCore:LinkPartition",
                      "id": "0xe",
                    },
                    "pathFromRoot": Array [
                      "45ed9ff8b0cb819e20233875cb23b2d2",
                      "a7ff4f8624332132b4d3dba2c47d06c9",
                      "9b183dfe9b2406eca48d3f5a816457a4",
                      "75ef9242ca6ee1cdcea6a0b9e5504d0a",
                      "7b16718dcd2e77a24c7c013aa63389e9",
                    ],
                    "type": "ECInstanceNode",
                  },
                  "label": "BisCore.RealityDataSources",
                },
              },
            ],
            "filteringData": Object {
              "childrenOccurances": 0,
              "occurances": 0,
            },
            "index": 1,
            "isMarked": false,
            "node": Object {
              "description": "A Link Partition element indicates that there is a link-related modeling perspective within the overall DgnDb information hierarchy. A Link Partition is always parented to a Subject and broken down by a Link Model.",
              "hasChildren": true,
              "imageId": "ECClassImage://BisCore:LinkPartition",
              "key": Object {
                "className": "BisCore:LinkPartition",
                "groupedInstancesCount": 1,
                "pathFromRoot": Array [
                  "45ed9ff8b0cb819e20233875cb23b2d2",
                  "a7ff4f8624332132b4d3dba2c47d06c9",
                  "9b183dfe9b2406eca48d3f5a816457a4",
                  "75ef9242ca6ee1cdcea6a0b9e5504d0a",
                ],
                "type": "ECClassGroupingNode",
              },
              "label": "Link Partition",
            },
          },
        ],
        "filteringData": Object {
          "childrenOccurances": 0,
          "occurances": 0,
        },
        "index": 0,
        "isMarked": false,
        "node": Object {
          "hasChildren": true,
          "imageId": "ECLiteralImage://ELEMENT",
          "key": Object {
            "instanceKey": Object {
              "className": "BisCore:Subject",
              "id": "0x1",
            },
            "pathFromRoot": Array [
              "45ed9ff8b0cb819e20233875cb23b2d2",
              "a7ff4f8624332132b4d3dba2c47d06c9",
              "9b183dfe9b2406eca48d3f5a816457a4",
            ],
            "type": "ECInstanceNode",
          },
          "label": "DgnV8Bridge",
        },
      },
    ],
    "filteringData": Object {
      "childrenOccurances": 0,
      "occurances": 0,
    },
    "index": 0,
    "isMarked": false,
    "node": Object {
      "hasChildren": true,
      "imageId": "ECInstanceImage://BisCore:RepositoryModel",
      "key": Object {
        "instanceKey": Object {
          "className": "BisCore:RepositoryModel",
          "id": "0x1",
        },
        "pathFromRoot": Array [
          "45ed9ff8b0cb819e20233875cb23b2d2",
          "a7ff4f8624332132b4d3dba2c47d06c9",
        ],
        "type": "ECInstanceNode",
      },
      "label": "DgnV8Bridge",
    },
  },
]
`;
