// Jest Snapshot v1, https://goo.gl/fbAQLP

exports[`RulesetTesting generates correct hierarchy for 'Items' ruleset 1`] = `
Array [
  Object {
    "children": Array [
      Object {
        "children": Array [
          Object {
            "children": Array [
              Object {
                "children": Array [
                  Object {
                    "children": Array [
                      Object {
                        "children": Array [
                          Object {
                            "icon": "ECInstanceImage://Generic:PhysicalObject",
                            "label": "Physical Object-0-38",
                          },
                          Object {
                            "icon": "ECInstanceImage://Generic:PhysicalObject",
                            "label": "Physical Object-0-39",
                          },
                          Object {
                            "icon": "ECInstanceImage://PCJ_TestSchema:TestClass",
                            "label": "TestClass-0-1K",
                          },
                          Object {
                            "icon": "ECInstanceImage://PCJ_TestSchema:TestClass",
                            "label": "TestClass-0-1L",
                          },
                          Object {
                            "icon": "ECInstanceImage://PCJ_TestSchema:TestClass",
                            "label": "TestClass-0-1M",
                          },
                          Object {
                            "icon": "ECInstanceImage://PCJ_TestSchema:TestClass",
                            "label": "TestClass-0-1N",
                          },
                          Object {
                            "icon": "ECInstanceImage://PCJ_TestSchema:TestClass",
                            "label": "TestClass-0-1O",
                          },
                          Object {
                            "icon": "ECInstanceImage://PCJ_TestSchema:TestClass",
                            "label": "TestClass-0-1P",
                          },
                          Object {
                            "icon": "ECInstanceImage://PCJ_TestSchema:TestClass",
                            "label": "TestClass-0-1Q",
                          },
                          Object {
                            "icon": "ECInstanceImage://PCJ_TestSchema:TestClass",
                            "label": "TestClass-0-1R",
                          },
                          Object {
                            "icon": "ECInstanceImage://PCJ_TestSchema:TestClass",
                            "label": "TestClass-0-1S",
                          },
                          Object {
                            "icon": "ECInstanceImage://PCJ_TestSchema:TestClass",
                            "label": "TestClass-0-1T",
                          },
                          Object {
                            "icon": "ECInstanceImage://PCJ_TestSchema:TestClass",
                            "label": "TestClass-0-1U",
                          },
                          Object {
                            "icon": "ECInstanceImage://PCJ_TestSchema:TestClass",
                            "label": "TestClass-0-1V",
                          },
                          Object {
                            "icon": "ECInstanceImage://PCJ_TestSchema:TestClass",
                            "label": "TestClass-0-1W",
                          },
                          Object {
                            "icon": "ECInstanceImage://PCJ_TestSchema:TestClass",
                            "label": "TestClass-0-1X",
                          },
                          Object {
                            "icon": "ECInstanceImage://PCJ_TestSchema:TestClass",
                            "label": "TestClass-0-1Y",
                          },
                          Object {
                            "icon": "ECInstanceImage://PCJ_TestSchema:TestClass",
                            "label": "TestClass-0-1Z",
                          },
                          Object {
                            "icon": "ECInstanceImage://PCJ_TestSchema:TestClass",
                            "label": "TestClass-0-2A",
                          },
                          Object {
                            "icon": "ECInstanceImage://PCJ_TestSchema:TestClass",
                            "label": "TestClass-0-2B",
                          },
                          Object {
                            "icon": "ECInstanceImage://PCJ_TestSchema:TestClass",
                            "label": "TestClass-0-2C",
                          },
                          Object {
                            "icon": "ECInstanceImage://PCJ_TestSchema:TestClass",
                            "label": "TestClass-0-2D",
                          },
                          Object {
                            "icon": "ECInstanceImage://PCJ_TestSchema:TestClass",
                            "label": "TestClass-0-2E",
                          },
                          Object {
                            "icon": "ECInstanceImage://PCJ_TestSchema:TestClass",
                            "label": "TestClass-0-2F",
                          },
                          Object {
                            "icon": "ECInstanceImage://PCJ_TestSchema:TestClass",
                            "label": "TestClass-0-2G",
                          },
                          Object {
                            "icon": "ECInstanceImage://PCJ_TestSchema:TestClass",
                            "label": "TestClass-0-2H",
                          },
                          Object {
                            "icon": "ECInstanceImage://PCJ_TestSchema:TestClass",
                            "label": "TestClass-0-2I",
                          },
                          Object {
                            "icon": "ECInstanceImage://PCJ_TestSchema:TestClass",
                            "label": "TestClass-0-2J",
                          },
                          Object {
                            "icon": "ECInstanceImage://PCJ_TestSchema:TestClass",
                            "label": "TestClass-0-2K",
                          },
                          Object {
                            "icon": "ECInstanceImage://PCJ_TestSchema:TestClass",
                            "label": "TestClass-0-2L",
                          },
                          Object {
                            "icon": "ECInstanceImage://PCJ_TestSchema:TestClass",
                            "label": "TestClass-0-2M",
                          },
                          Object {
                            "icon": "ECInstanceImage://PCJ_TestSchema:TestClass",
                            "label": "TestClass-0-2N",
                          },
                          Object {
                            "icon": "ECInstanceImage://PCJ_TestSchema:TestClass",
                            "label": "TestClass-0-2O",
                          },
                          Object {
                            "icon": "ECInstanceImage://PCJ_TestSchema:TestClass",
                            "label": "TestClass-0-2P",
                          },
                          Object {
                            "icon": "ECInstanceImage://PCJ_TestSchema:TestClass",
                            "label": "TestClass-0-2Q",
                          },
                          Object {
                            "icon": "ECInstanceImage://PCJ_TestSchema:TestClass",
                            "label": "TestClass-0-2R",
                          },
                          Object {
                            "icon": "ECInstanceImage://PCJ_TestSchema:TestClass",
                            "label": "TestClass-0-2S",
                          },
                          Object {
                            "icon": "ECInstanceImage://PCJ_TestSchema:TestClass",
                            "label": "TestClass-0-2T",
                          },
                          Object {
                            "icon": "ECInstanceImage://PCJ_TestSchema:TestClass",
                            "label": "TestClass-0-2U",
                          },
                          Object {
                            "icon": "ECInstanceImage://PCJ_TestSchema:TestClass",
                            "label": "TestClass-0-2V",
                          },
                          Object {
                            "icon": "ECInstanceImage://PCJ_TestSchema:TestClass",
                            "label": "TestClass-0-2W",
                          },
                          Object {
                            "icon": "ECInstanceImage://PCJ_TestSchema:TestClass",
                            "label": "TestClass-0-2X",
                          },
                          Object {
                            "icon": "ECInstanceImage://PCJ_TestSchema:TestClass",
                            "label": "TestClass-0-2Y",
                          },
                          Object {
                            "icon": "ECInstanceImage://PCJ_TestSchema:TestClass",
                            "label": "TestClass-0-2Z",
                          },
                          Object {
                            "icon": "ECInstanceImage://PCJ_TestSchema:TestClass",
                            "label": "TestClass-0-20",
                          },
                          Object {
                            "icon": "ECInstanceImage://PCJ_TestSchema:TestClass",
                            "label": "TestClass-0-21",
                          },
                          Object {
                            "icon": "ECInstanceImage://PCJ_TestSchema:TestClass",
                            "label": "TestClass-0-22",
                          },
                          Object {
                            "icon": "ECInstanceImage://PCJ_TestSchema:TestClass",
                            "label": "TestClass-0-23",
                          },
                          Object {
                            "icon": "ECInstanceImage://PCJ_TestSchema:TestClass",
                            "label": "TestClass-0-24",
                          },
                          Object {
                            "icon": "ECInstanceImage://PCJ_TestSchema:TestClass",
                            "label": "TestClass-0-25",
                          },
                          Object {
                            "icon": "ECInstanceImage://PCJ_TestSchema:TestClass",
                            "label": "TestClass-0-26",
                          },
                          Object {
                            "icon": "ECInstanceImage://PCJ_TestSchema:TestClass",
                            "label": "TestClass-0-27",
                          },
                          Object {
                            "icon": "ECInstanceImage://PCJ_TestSchema:TestClass",
                            "label": "TestClass-0-28",
                          },
                          Object {
                            "icon": "ECInstanceImage://PCJ_TestSchema:TestClass",
                            "label": "TestClass-0-29",
                          },
                          Object {
                            "icon": "ECInstanceImage://PCJ_TestSchema:TestClass",
                            "label": "TestClass-0-30",
                          },
                          Object {
                            "icon": "ECInstanceImage://PCJ_TestSchema:TestClass",
                            "label": "TestClass-0-31",
                          },
                          Object {
                            "icon": "ECInstanceImage://PCJ_TestSchema:TestClass",
                            "label": "TestClass-0-32",
                          },
                          Object {
                            "icon": "ECInstanceImage://PCJ_TestSchema:TestClass",
                            "label": "TestClass-0-33",
                          },
                          Object {
                            "icon": "ECInstanceImage://PCJ_TestSchema:TestClass",
                            "label": "TestClass-0-34",
                          },
                          Object {
                            "icon": "ECInstanceImage://PCJ_TestSchema:TestClass",
                            "label": "TestClass-0-35",
                          },
                          Object {
                            "icon": "ECInstanceImage://PCJ_TestSchema:TestClass",
                            "label": "TestClass-0-36",
                          },
                          Object {
                            "icon": "ECInstanceImage://PCJ_TestSchema:TestClass",
                            "label": "TestClass-0-37",
                          },
                        ],
                        "description": "The Spatial Category used to categorize the 3D Geometric Element",
                        "hasChildren": true,
                        "icon": "ECPropertyImage://BisCore:GeometricElement3d--Category",
                        "label": "Uncategorized",
                      },
                    ],
                    "hasChildren": true,
                    "icon": "ECInstanceImage://BisCore:PhysicalPartition",
                    "label": "Properties_60InstancesWithUrl2",
                  },
                ],
                "hasChildren": true,
                "icon": "ECInstanceImage://BisCore:Subject",
                "label": "Properties_60InstancesWithUrl2",
              },
              Object {
                "icon": "ECInstanceImage://BisCore:DocumentPartition",
                "label": "Converted Drawings",
              },
              Object {
                "icon": "ECInstanceImage://BisCore:GroupInformationPartition",
                "label": "Converted Groups",
              },
              Object {
                "icon": "ECInstanceImage://BisCore:DocumentPartition",
                "label": "Converted Sheets",
              },
              Object {
                "children": Array [
                  Object {
                    "children": Array [
                      Object {
                        "icon": "ECInstanceImage://BisCore:DisplayStyle3d",
                        "label": "Default - View 2",
                      },
                      Object {
                        "icon": "ECInstanceImage://BisCore:DisplayStyle3d",
                        "label": "Default - View 3",
                      },
                      Object {
                        "icon": "ECInstanceImage://BisCore:DisplayStyle3d",
                        "label": "Default - View 4",
                      },
                      Object {
                        "icon": "ECInstanceImage://BisCore:DisplayStyle3d",
                        "label": "Illustration",
                      },
                    ],
                    "hasChildren": true,
                    "icon": "ECClassImage://BisCore:DisplayStyle3d",
                    "label": "3D Display Style",
                  },
                  Object {
                    "children": Array [
                      Object {
                        "icon": "ECInstanceImage://BisCore:CategorySelector",
                        "label": "Default - View 1",
                      },
                      Object {
                        "icon": "ECInstanceImage://BisCore:CategorySelector",
                        "label": "Default - View 2",
                      },
                      Object {
                        "icon": "ECInstanceImage://BisCore:CategorySelector",
                        "label": "Default - View 3",
                      },
                      Object {
                        "icon": "ECInstanceImage://BisCore:CategorySelector",
                        "label": "Default - View 4",
                      },
                    ],
                    "hasChildren": true,
                    "icon": "ECClassImage://BisCore:CategorySelector",
                    "label": "Category Selector",
                  },
                  Object {
                    "children": Array [
                      Object {
                        "children": Array [
                          Object {
                            "icon": "ECInstanceImage://BisCore:SubCategory",
                            "label": "Uncategorized",
                          },
                        ],
                        "hasChildren": true,
                        "icon": "ECInstanceImage://BisCore:DrawingCategory",
                        "label": "Uncategorized",
                      },
                    ],
                    "hasChildren": true,
                    "icon": "ECClassImage://BisCore:DrawingCategory",
                    "label": "Drawing Category",
                  },
                  Object {
                    "children": Array [
                      Object {
                        "icon": "ECInstanceImage://BisCore:ModelSelector",
                        "label": "Default - View 1",
                      },
                      Object {
                        "icon": "ECInstanceImage://BisCore:ModelSelector",
                        "label": "Default - View 2",
                      },
                      Object {
                        "icon": "ECInstanceImage://BisCore:ModelSelector",
                        "label": "Default - View 3",
                      },
                      Object {
                        "icon": "ECInstanceImage://BisCore:ModelSelector",
                        "label": "Default - View 4",
                      },
                    ],
                    "hasChildren": true,
                    "icon": "ECClassImage://BisCore:ModelSelector",
                    "label": "Model Selector",
                  },
                  Object {
                    "children": Array [
                      Object {
                        "icon": "ECInstanceImage://BisCore:AuxCoordSystemSpatial",
                        "label": "Default - View 1",
                      },
                      Object {
                        "icon": "ECInstanceImage://BisCore:AuxCoordSystemSpatial",
                        "label": "Default - View 2",
                      },
                      Object {
                        "icon": "ECInstanceImage://BisCore:AuxCoordSystemSpatial",
                        "label": "Default - View 3",
                      },
                      Object {
                        "icon": "ECInstanceImage://BisCore:AuxCoordSystemSpatial",
                        "label": "Default - View 4",
                      },
                    ],
                    "description": "A spatial coordinate system.",
                    "hasChildren": true,
                    "icon": "ECClassImage://BisCore:AuxCoordSystemSpatial",
                    "label": "Spatial Auxiliary Coordinate System",
                  },
                  Object {
                    "children": Array [
                      Object {
                        "children": Array [
                          Object {
                            "icon": "ECInstanceImage://BisCore:SubCategory",
                            "label": "Uncategorized",
                          },
                        ],
                        "hasChildren": true,
                        "icon": "ECInstanceImage://BisCore:SpatialCategory",
                        "label": "Uncategorized",
                      },
                    ],
                    "hasChildren": true,
                    "icon": "ECClassImage://BisCore:SpatialCategory",
                    "label": "Spatial Category",
                  },
                  Object {
                    "children": Array [
                      Object {
                        "icon": "ECInstanceImage://BisCore:SpatialViewDefinition",
                        "label": "Default - View 1",
                      },
                      Object {
                        "icon": "ECInstanceImage://BisCore:SpatialViewDefinition",
                        "label": "Default - View 2",
                      },
                      Object {
                        "icon": "ECInstanceImage://BisCore:SpatialViewDefinition",
                        "label": "Default - View 3",
                      },
                      Object {
                        "icon": "ECInstanceImage://BisCore:SpatialViewDefinition",
                        "label": "Default - View 4",
                      },
                    ],
                    "description": "A view of a spatially located volume.",
                    "hasChildren": true,
                    "icon": "ECClassImage://BisCore:SpatialViewDefinition",
                    "label": "Spatial View Definition",
                  },
                ],
                "hasChildren": true,
                "icon": "ECInstanceImage://BisCore:DefinitionPartition",
                "label": "Definition Model For DgnV8Bridge:D:\\\\Temp\\\\Properties_60InstancesWithUrl2.dgn, Default",
              },
            ],
            "hasChildren": true,
            "icon": "ECInstanceImage://BisCore:Subject",
            "label": "DgnV8Bridge:D:\\\\Temp\\\\Properties_60InstancesWithUrl2.dgn, Default",
          },
          Object {
            "children": Array [
              Object {
                "children": Array [
                  Object {
                    "icon": "ECInstanceImage://BisCore:LineStyle",
                    "label": "lc1",
                  },
                  Object {
                    "icon": "ECInstanceImage://BisCore:LineStyle",
                    "label": "lc2",
                  },
                  Object {
                    "icon": "ECInstanceImage://BisCore:LineStyle",
                    "label": "lc3",
                  },
                  Object {
                    "icon": "ECInstanceImage://BisCore:LineStyle",
                    "label": "lc4",
                  },
                  Object {
                    "icon": "ECInstanceImage://BisCore:LineStyle",
                    "label": "lc5",
                  },
                  Object {
                    "icon": "ECInstanceImage://BisCore:LineStyle",
                    "label": "lc6",
                  },
                  Object {
                    "icon": "ECInstanceImage://BisCore:LineStyle",
                    "label": "lc7",
                  },
                ],
                "hasChildren": true,
                "icon": "ECClassImage://BisCore:LineStyle",
                "label": "Line Style",
              },
            ],
            "hasChildren": true,
            "icon": "ECInstanceImage://BisCore:DefinitionPartition",
            "label": "BisCore.DictionaryModel",
          },
          Object {
            "icon": "ECInstanceImage://BisCore:LinkPartition",
            "label": "BisCore.RealityDataSources",
          },
        ],
        "hasChildren": true,
        "icon": "ECInstanceImage://BisCore:Subject",
        "label": "DgnV8Bridge",
      },
    ],
    "description": "test nested value",
    "hasChildren": true,
    "icon": "subjects",
    "label": "test value",
  },
]
`;

exports[`RulesetTesting generates correct hierarchy for 'default' ruleset 1`] = `
Array [
  Object {
    "label": "root",
  },
]
`;
