// Jest Snapshot v1, https://goo.gl/fbAQLP

exports[`RulesetTesting generates correct hierarchy for 'Items' ruleset 1`] = `
Array [
  Object {
    "children": Array [
      Object {
        "children": Array [
          Object {
            "children": Array [
              Object {
                "children": Array [
                  Object {
                    "children": Array [
                      Object {
                        "children": Array [
                          Object {
                            "label": "Physical Object [0-38]",
                          },
                          Object {
                            "label": "Physical Object [0-39]",
                          },
                          Object {
                            "label": "TestClass [0-1K]",
                          },
                          Object {
                            "label": "TestClass [0-1L]",
                          },
                          Object {
                            "label": "TestClass [0-1M]",
                          },
                          Object {
                            "label": "TestClass [0-1N]",
                          },
                          Object {
                            "label": "TestClass [0-1O]",
                          },
                          Object {
                            "label": "TestClass [0-1P]",
                          },
                          Object {
                            "label": "TestClass [0-1Q]",
                          },
                          Object {
                            "label": "TestClass [0-1R]",
                          },
                          Object {
                            "label": "TestClass [0-1S]",
                          },
                          Object {
                            "label": "TestClass [0-1T]",
                          },
                          Object {
                            "label": "TestClass [0-1U]",
                          },
                          Object {
                            "label": "TestClass [0-1V]",
                          },
                          Object {
                            "label": "TestClass [0-1W]",
                          },
                          Object {
                            "label": "TestClass [0-1X]",
                          },
                          Object {
                            "label": "TestClass [0-1Y]",
                          },
                          Object {
                            "label": "TestClass [0-1Z]",
                          },
                          Object {
                            "label": "TestClass [0-2A]",
                          },
                          Object {
                            "label": "TestClass [0-2B]",
                          },
                          Object {
                            "label": "TestClass [0-2C]",
                          },
                          Object {
                            "label": "TestClass [0-2D]",
                          },
                          Object {
                            "label": "TestClass [0-2E]",
                          },
                          Object {
                            "label": "TestClass [0-2F]",
                          },
                          Object {
                            "label": "TestClass [0-2G]",
                          },
                          Object {
                            "label": "TestClass [0-2H]",
                          },
                          Object {
                            "label": "TestClass [0-2I]",
                          },
                          Object {
                            "label": "TestClass [0-2J]",
                          },
                          Object {
                            "label": "TestClass [0-2K]",
                          },
                          Object {
                            "label": "TestClass [0-2L]",
                          },
                          Object {
                            "label": "TestClass [0-2M]",
                          },
                          Object {
                            "label": "TestClass [0-2N]",
                          },
                          Object {
                            "label": "TestClass [0-2O]",
                          },
                          Object {
                            "label": "TestClass [0-2P]",
                          },
                          Object {
                            "label": "TestClass [0-2Q]",
                          },
                          Object {
                            "label": "TestClass [0-2R]",
                          },
                          Object {
                            "label": "TestClass [0-2S]",
                          },
                          Object {
                            "label": "TestClass [0-2T]",
                          },
                          Object {
                            "label": "TestClass [0-2U]",
                          },
                          Object {
                            "label": "TestClass [0-2V]",
                          },
                          Object {
                            "label": "TestClass [0-2W]",
                          },
                          Object {
                            "label": "TestClass [0-2X]",
                          },
                          Object {
                            "label": "TestClass [0-2Y]",
                          },
                          Object {
                            "label": "TestClass [0-2Z]",
                          },
                          Object {
                            "label": "TestClass [0-20]",
                          },
                          Object {
                            "label": "TestClass [0-21]",
                          },
                          Object {
                            "label": "TestClass [0-22]",
                          },
                          Object {
                            "label": "TestClass [0-23]",
                          },
                          Object {
                            "label": "TestClass [0-24]",
                          },
                          Object {
                            "label": "TestClass [0-25]",
                          },
                          Object {
                            "label": "TestClass [0-26]",
                          },
                          Object {
                            "label": "TestClass [0-27]",
                          },
                          Object {
                            "label": "TestClass [0-28]",
                          },
                          Object {
                            "label": "TestClass [0-29]",
                          },
                          Object {
                            "label": "TestClass [0-30]",
                          },
                          Object {
                            "label": "TestClass [0-31]",
                          },
                          Object {
                            "label": "TestClass [0-32]",
                          },
                          Object {
                            "label": "TestClass [0-33]",
                          },
                          Object {
                            "label": "TestClass [0-34]",
                          },
                          Object {
                            "label": "TestClass [0-35]",
                          },
                          Object {
                            "label": "TestClass [0-36]",
                          },
                          Object {
                            "label": "TestClass [0-37]",
                          },
                        ],
                        "description": "The Spatial Category used to categorize the 3D Geometric Element",
                        "hasChildren": true,
                        "label": "Uncategorized",
                      },
                    ],
                    "hasChildren": true,
                    "label": "Properties_60InstancesWithUrl2",
                  },
                ],
                "hasChildren": true,
                "label": "Properties_60InstancesWithUrl2",
              },
              Object {
                "label": "Converted Drawings",
              },
              Object {
                "label": "Converted Groups",
              },
              Object {
                "label": "Converted Sheets",
              },
              Object {
                "children": Array [
                  Object {
                    "children": Array [
                      Object {
                        "label": "Default - View 2",
                      },
                      Object {
                        "label": "Default - View 3",
                      },
                      Object {
                        "label": "Default - View 4",
                      },
                      Object {
                        "label": "Illustration",
                      },
                    ],
                    "hasChildren": true,
                    "label": "3D Display Style",
                  },
                  Object {
                    "children": Array [
                      Object {
                        "label": "Default - View 1",
                      },
                      Object {
                        "label": "Default - View 2",
                      },
                      Object {
                        "label": "Default - View 3",
                      },
                      Object {
                        "label": "Default - View 4",
                      },
                    ],
                    "hasChildren": true,
                    "label": "Category Selector",
                  },
                  Object {
                    "children": Array [
                      Object {
                        "children": Array [
                          Object {
                            "label": "Uncategorized",
                          },
                        ],
                        "hasChildren": true,
                        "label": "Uncategorized",
                      },
                    ],
                    "hasChildren": true,
                    "label": "Drawing Category",
                  },
                  Object {
                    "children": Array [
                      Object {
                        "label": "Default - View 1",
                      },
                      Object {
                        "label": "Default - View 2",
                      },
                      Object {
                        "label": "Default - View 3",
                      },
                      Object {
                        "label": "Default - View 4",
                      },
                    ],
                    "hasChildren": true,
                    "label": "Model Selector",
                  },
                  Object {
                    "children": Array [
                      Object {
                        "label": "Default - View 1",
                      },
                      Object {
                        "label": "Default - View 2",
                      },
                      Object {
                        "label": "Default - View 3",
                      },
                      Object {
                        "label": "Default - View 4",
                      },
                    ],
                    "description": "A spatial coordinate system.",
                    "hasChildren": true,
                    "label": "Spatial Auxiliary Coordinate System",
                  },
                  Object {
                    "children": Array [
                      Object {
                        "children": Array [
                          Object {
                            "label": "Uncategorized",
                          },
                        ],
                        "hasChildren": true,
                        "label": "Uncategorized",
                      },
                    ],
                    "hasChildren": true,
                    "label": "Spatial Category",
                  },
                  Object {
                    "children": Array [
                      Object {
                        "label": "Default - View 1",
                      },
                      Object {
                        "label": "Default - View 2",
                      },
                      Object {
                        "label": "Default - View 3",
                      },
                      Object {
                        "label": "Default - View 4",
                      },
                    ],
                    "description": "A view of a spatially located volume.",
                    "hasChildren": true,
                    "label": "Spatial View Definition",
                  },
                ],
                "hasChildren": true,
                "label": "Definition Model For DgnV8Bridge:D:\\\\Temp\\\\Properties_60InstancesWithUrl2.dgn, Default",
              },
            ],
            "hasChildren": true,
            "label": "DgnV8Bridge:D:\\\\Temp\\\\Properties_60InstancesWithUrl2.dgn, Default",
          },
          Object {
            "children": Array [
              Object {
                "children": Array [
                  Object {
                    "label": "lc1",
                  },
                  Object {
                    "label": "lc2",
                  },
                  Object {
                    "label": "lc3",
                  },
                  Object {
                    "label": "lc4",
                  },
                  Object {
                    "label": "lc5",
                  },
                  Object {
                    "label": "lc6",
                  },
                  Object {
                    "label": "lc7",
                  },
                ],
                "hasChildren": true,
                "label": "Line Style",
              },
            ],
            "hasChildren": true,
            "label": "BisCore.DictionaryModel",
          },
          Object {
            "label": "BisCore.RealityDataSources",
          },
        ],
        "hasChildren": true,
        "label": "DgnV8Bridge",
      },
    ],
    "description": "test nested value",
    "hasChildren": true,
    "icon": "subjects",
    "label": "test value",
  },
]
`;

exports[`RulesetTesting generates correct hierarchy for 'default' ruleset 1`] = `
Array [
  Object {
    "label": "root",
  },
]
`;
