// Jest Snapshot v1, https://goo.gl/fbAQLP

exports[`<LabeledThemedSelect /> renders correctly 1`] = `
<label
  className="uicore-inputs-labeled-themed-select"
>
  <div
    className="uicore-label"
  >
     
    themedselect test
     
  </div>
  <ThemedSelect
    options={Array []}
  />
</label>
`;

exports[`<LabeledThemedSelect /> renders disabled correctly 1`] = `
<label
  className="uicore-inputs-labeled-themed-select uicore-disabled"
>
  <div
    className="uicore-label"
  >
     
    themedselect disabled test
     
  </div>
  <ThemedSelect
    isDisabled={true}
    options={Array []}
  />
</label>
`;

exports[`<LabeledThemedSelect /> renders message correctly 1`] = `
<label
  className="uicore-inputs-labeled-themed-select"
>
  <div
    className="uicore-label"
  >
     
    themedselect message test
     
  </div>
  <ThemedSelect
    options={Array []}
  />
  <div
    className="uicore-message"
  >
    Test message
  </div>
</label>
`;

exports[`<LabeledThemedSelect /> renders multi-select correctly 1`] = `
<label
  className="uicore-inputs-labeled-themed-select"
>
  <div
    className="uicore-label"
  >
     
    themedselect multi test
     
  </div>
  <ThemedSelect
    isMulti={true}
    options={
      Array [
        Object {
          "label": "London",
          "value": "London",
        },
        Object {
          "label": "Paris",
          "value": "Paris",
        },
        Object {
          "label": "Stockholm",
          "value": "Stockholm",
        },
        Object {
          "label": "Berlin",
          "value": "Berlin",
        },
        Object {
          "label": "Mumbai",
          "value": "Mumbai",
        },
        Object {
          "label": "Christchurch",
          "value": "Christchurch",
        },
        Object {
          "label": "Johannesburg",
          "value": "Johannesburg",
        },
        Object {
          "label": "Beijing",
          "value": "Beijing",
        },
        Object {
          "label": "New York",
          "value": "New York",
        },
      ]
    }
  />
</label>
`;

exports[`<LabeledThemedSelect /> renders options correctly 1`] = `
<label
  className="uicore-inputs-labeled-themed-select"
>
  <div
    className="uicore-label"
  >
     
    themedselect single test
     
  </div>
  <ThemedSelect
    options={
      Array [
        Object {
          "label": "Red",
          "value": 0,
        },
        Object {
          "label": "White",
          "value": 1,
        },
        Object {
          "label": "Blue",
          "value": 2,
        },
        Object {
          "label": "Yellow",
          "value": 3,
        },
      ]
    }
  />
</label>
`;

exports[`<LabeledThemedSelect /> renders status correctly 1`] = `
<label
  className="uicore-inputs-labeled-themed-select success"
>
  <div
    className="uicore-label"
  >
     
    themedselect status test
     
  </div>
  <ThemedSelect
    options={Array []}
  />
</label>
`;
