// Jest Snapshot v1, https://goo.gl/fbAQLP

exports[`Frontstage local storage wrapper ActiveFrontstageDefProvider should render 1`] = `
<div
  className="uifw-widgetPanels-frontstage"
  onKeyDown={[Function]}
  role="presentation"
>
  <NineZone
    dispatch={[Function]}
    labels={
      Object {
        "dockToolSettingsTitle": "widget.tooltips.dockToolSettings",
        "moreToolSettingsTitle": "widget.tooltips.moreToolSettings",
        "moreWidgetsTitle": "widget.tooltips.moreWidgets",
        "pinPanelTitle": "widget.tooltips.pinPanel",
        "popoutActiveTab": "widget.tooltips.popoutActiveTab",
        "resizeGripTitle": "widget.tooltips.resizeGrip",
        "sendWidgetHomeTitle": "widget.tooltips.sendHome",
        "toolSettingsHandleTitle": "widget.tooltips.toolSettingsHandle",
        "unpinPanelTitle": "widget.tooltips.unpinPanel",
      }
    }
    state={
      Object {
        "draggedTab": undefined,
        "floatingWidgets": Object {
          "allIds": Array [],
          "byId": Object {},
        },
        "panels": Object {
          "bottom": Object {
            "collapseOffset": 100,
            "collapsed": false,
            "maxSize": 600,
            "maxWidgetCount": 2,
            "minSize": 100,
            "pinned": true,
            "resizable": true,
            "side": "bottom",
            "size": undefined,
            "span": true,
            "widgets": Array [],
          },
          "left": Object {
            "collapseOffset": 100,
            "collapsed": false,
            "maxSize": 600,
            "maxWidgetCount": 3,
            "minSize": 200,
            "pinned": true,
            "resizable": true,
            "side": "left",
            "size": undefined,
            "widgets": Array [],
          },
          "right": Object {
            "collapseOffset": 100,
            "collapsed": false,
            "maxSize": 600,
            "maxWidgetCount": 3,
            "minSize": 200,
            "pinned": true,
            "resizable": true,
            "side": "right",
            "size": undefined,
            "widgets": Array [],
          },
          "top": Object {
            "collapseOffset": 100,
            "collapsed": false,
            "maxSize": 600,
            "maxWidgetCount": 2,
            "minSize": 100,
            "pinned": true,
            "resizable": true,
            "side": "top",
            "size": undefined,
            "span": true,
            "widgets": Array [],
          },
        },
        "popoutWidgets": Object {
          "allIds": Array [],
          "byId": Object {},
        },
        "size": Object {
          "height": 0,
          "width": 0,
        },
        "tabs": Object {
          "nz-tool-settings-tab": Object {
            "allowedPanelTargets": Array [
              "bottom",
              "left",
              "right",
            ],
            "id": "nz-tool-settings-tab",
            "label": "Tool Settings",
          },
        },
        "toolSettings": Object {
          "type": "docked",
        },
        "widgets": Object {},
      }
    }
    tab={<WidgetPanelsTab />}
    toolSettingsContent={<ToolSettingsContent />}
    widgetContent={<WidgetContent />}
  >
    <Memo(WidgetPanelsFrontstageComponent) />
  </NineZone>
</div>
`;

exports[`Frontstage local storage wrapper ModalFrontstageComposer ActiveFrontstageDefProvider should render 1`] = `
<div
  className="uifw-widgetPanels-frontstage"
  onKeyDown={[Function]}
  role="presentation"
>
  <NineZone
    dispatch={[Function]}
    labels={
      Object {
        "dockToolSettingsTitle": "widget.tooltips.dockToolSettings",
        "moreToolSettingsTitle": "widget.tooltips.moreToolSettings",
        "moreWidgetsTitle": "widget.tooltips.moreWidgets",
        "pinPanelTitle": "widget.tooltips.pinPanel",
        "popoutActiveTab": "widget.tooltips.popoutActiveTab",
        "resizeGripTitle": "widget.tooltips.resizeGrip",
        "sendWidgetHomeTitle": "widget.tooltips.sendHome",
        "toolSettingsHandleTitle": "widget.tooltips.toolSettingsHandle",
        "unpinPanelTitle": "widget.tooltips.unpinPanel",
      }
    }
    state={
      Object {
        "draggedTab": undefined,
        "floatingWidgets": Object {
          "allIds": Array [],
          "byId": Object {},
        },
        "panels": Object {
          "bottom": Object {
            "collapseOffset": 100,
            "collapsed": false,
            "maxSize": 600,
            "maxWidgetCount": 2,
            "minSize": 100,
            "pinned": true,
            "resizable": true,
            "side": "bottom",
            "size": undefined,
            "span": true,
            "widgets": Array [],
          },
          "left": Object {
            "collapseOffset": 100,
            "collapsed": false,
            "maxSize": 600,
            "maxWidgetCount": 3,
            "minSize": 200,
            "pinned": true,
            "resizable": true,
            "side": "left",
            "size": undefined,
            "widgets": Array [],
          },
          "right": Object {
            "collapseOffset": 100,
            "collapsed": false,
            "maxSize": 600,
            "maxWidgetCount": 3,
            "minSize": 200,
            "pinned": true,
            "resizable": true,
            "side": "right",
            "size": undefined,
            "widgets": Array [],
          },
          "top": Object {
            "collapseOffset": 100,
            "collapsed": false,
            "maxSize": 600,
            "maxWidgetCount": 2,
            "minSize": 100,
            "pinned": true,
            "resizable": true,
            "side": "top",
            "size": undefined,
            "span": true,
            "widgets": Array [],
          },
        },
        "popoutWidgets": Object {
          "allIds": Array [],
          "byId": Object {},
        },
        "size": Object {
          "height": 0,
          "width": 0,
        },
        "tabs": Object {
          "nz-tool-settings-tab": Object {
            "allowedPanelTargets": Array [
              "bottom",
              "left",
              "right",
            ],
            "id": "nz-tool-settings-tab",
            "label": "Tool Settings",
          },
        },
        "toolSettings": Object {
          "type": "docked",
        },
        "widgets": Object {},
      }
    }
    tab={<WidgetPanelsTab />}
    toolSettingsContent={<ToolSettingsContent />}
    widgetContent={<WidgetContent />}
  >
    <Memo(WidgetPanelsFrontstageComponent) />
  </NineZone>
</div>
`;

exports[`Frontstage local storage wrapper ModalFrontstageComposer initializeNineZoneState should initialize widgets 1`] = `
Object {
  "draggedTab": undefined,
  "floatingWidgets": Object {
    "allIds": Array [],
    "byId": Object {},
  },
  "panels": Object {
    "bottom": Object {
      "collapseOffset": 100,
      "collapsed": false,
      "maxSize": 600,
      "maxWidgetCount": 2,
      "minSize": 100,
      "pinned": true,
      "resizable": true,
      "side": "bottom",
      "size": undefined,
      "span": true,
      "widgets": Array [],
    },
    "left": Object {
      "collapseOffset": 100,
      "collapsed": false,
      "maxSize": 600,
      "maxWidgetCount": 3,
      "minSize": 200,
      "pinned": true,
      "resizable": true,
      "side": "left",
      "size": undefined,
      "widgets": Array [],
    },
    "right": Object {
      "collapseOffset": 100,
      "collapsed": false,
      "maxSize": 600,
      "maxWidgetCount": 3,
      "minSize": 200,
      "pinned": true,
      "resizable": true,
      "side": "right",
      "size": undefined,
      "widgets": Array [],
    },
    "top": Object {
      "collapseOffset": 100,
      "collapsed": false,
      "maxSize": 600,
      "maxWidgetCount": 2,
      "minSize": 100,
      "pinned": true,
      "resizable": true,
      "side": "top",
      "size": undefined,
      "span": true,
      "widgets": Array [],
    },
  },
  "popoutWidgets": Object {
    "allIds": Array [],
    "byId": Object {},
  },
  "size": Object {
    "height": 0,
    "width": 0,
  },
  "tabs": Object {
    "nz-tool-settings-tab": Object {
      "allowedPanelTargets": Array [
        "bottom",
        "left",
        "right",
      ],
      "id": "nz-tool-settings-tab",
      "label": "Tool Settings",
    },
  },
  "toolSettings": Object {
    "type": "docked",
  },
  "widgets": Object {},
}
`;

exports[`Frontstage local storage wrapper ModalFrontstageComposer packNineZoneState should remove labels 1`] = `
Object {
  "draggedTab": undefined,
  "floatingWidgets": Object {
    "allIds": Array [
      "w1",
    ],
    "byId": Object {
      "w1": Object {
        "bounds": Object {
          "bottom": 0,
          "left": 0,
          "right": 0,
          "top": 0,
        },
        "home": Object {
          "side": "left",
          "widgetId": undefined,
          "widgetIndex": 0,
        },
        "id": "w1",
      },
    },
  },
  "panels": Object {
    "bottom": Object {
      "collapseOffset": 100,
      "collapsed": false,
      "maxSize": 600,
      "maxWidgetCount": 2,
      "minSize": 100,
      "pinned": true,
      "resizable": true,
      "side": "bottom",
      "size": undefined,
      "span": true,
      "widgets": Array [],
    },
    "left": Object {
      "collapseOffset": 100,
      "collapsed": false,
      "maxSize": 600,
      "maxWidgetCount": 3,
      "minSize": 200,
      "pinned": true,
      "resizable": true,
      "side": "left",
      "size": undefined,
      "widgets": Array [],
    },
    "right": Object {
      "collapseOffset": 100,
      "collapsed": false,
      "maxSize": 600,
      "maxWidgetCount": 3,
      "minSize": 200,
      "pinned": true,
      "resizable": true,
      "side": "right",
      "size": undefined,
      "widgets": Array [],
    },
    "top": Object {
      "collapseOffset": 100,
      "collapsed": false,
      "maxSize": 600,
      "maxWidgetCount": 2,
      "minSize": 100,
      "pinned": true,
      "resizable": true,
      "side": "top",
      "size": undefined,
      "span": true,
      "widgets": Array [],
    },
  },
  "popoutWidgets": Object {
    "allIds": Array [],
    "byId": Object {},
  },
  "size": Object {
    "height": 0,
    "width": 0,
  },
  "tabs": Object {
    "t1": Object {
      "allowedPanelTargets": undefined,
      "id": "t1",
      "preferredFloatingWidgetSize": undefined,
      "preferredPopoutWidgetSize": undefined,
    },
  },
  "toolSettings": Object {
    "type": "docked",
  },
  "widgets": Object {
    "w1": Object {
      "activeTabId": "t1",
      "id": "w1",
      "minimized": false,
      "tabs": Array [
        "t1",
      ],
    },
  },
}
`;

exports[`Frontstage local storage wrapper ModalFrontstageComposer restoreNineZoneState should log error if widgetDef is not found 1`] = `
Object {
  "frontstageId": "",
  "tabId": "t1",
}
`;

exports[`Frontstage local storage wrapper ModalFrontstageComposer restoreNineZoneState should restore tabs 1`] = `
Object {
  "draggedTab": undefined,
  "floatingWidgets": Object {
    "allIds": Array [],
    "byId": Object {},
  },
  "panels": Object {
    "bottom": Object {
      "collapseOffset": 100,
      "collapsed": false,
      "maxSize": 600,
      "maxWidgetCount": 2,
      "minSize": 100,
      "pinned": true,
      "resizable": true,
      "side": "bottom",
      "size": undefined,
      "span": true,
      "widgets": Array [],
    },
    "left": Object {
      "collapseOffset": 100,
      "collapsed": false,
      "maxSize": 600,
      "maxWidgetCount": 3,
      "minSize": 200,
      "pinned": true,
      "resizable": true,
      "side": "left",
      "size": undefined,
      "widgets": Array [],
    },
    "right": Object {
      "collapseOffset": 100,
      "collapsed": false,
      "maxSize": 600,
      "maxWidgetCount": 3,
      "minSize": 200,
      "pinned": true,
      "resizable": true,
      "side": "right",
      "size": undefined,
      "widgets": Array [],
    },
    "top": Object {
      "collapseOffset": 100,
      "collapsed": false,
      "maxSize": 600,
      "maxWidgetCount": 2,
      "minSize": 100,
      "pinned": true,
      "resizable": true,
      "side": "top",
      "size": undefined,
      "span": true,
      "widgets": Array [],
    },
  },
  "popoutWidgets": Object {
    "allIds": Array [],
    "byId": Object {},
  },
  "size": Object {
    "height": 0,
    "width": 0,
  },
  "tabs": Object {
    "nz-tool-settings-tab": Object {
      "allowedPanelTargets": Array [
        "bottom",
        "left",
        "right",
      ],
      "id": "nz-tool-settings-tab",
      "label": "Tool Settings",
    },
    "t1": Object {
      "canPopout": undefined,
      "id": "t1",
      "label": "Widget",
    },
  },
  "toolSettings": Object {
    "type": "docked",
  },
  "widgets": Object {},
}
`;

exports[`Frontstage local storage wrapper ModalFrontstageComposer useSavedFrontstageState should load saved nineZoneState 1`] = `
Object {
  "draggedTab": undefined,
  "floatingWidgets": Object {
    "allIds": Array [],
    "byId": Object {},
  },
  "panels": Object {
    "bottom": Object {
      "collapseOffset": 100,
      "collapsed": false,
      "maxSize": 600,
      "maxWidgetCount": 2,
      "minSize": 100,
      "pinned": true,
      "resizable": true,
      "side": "bottom",
      "size": undefined,
      "span": true,
      "widgets": Array [],
    },
    "left": Object {
      "collapseOffset": 100,
      "collapsed": false,
      "maxSize": 600,
      "maxWidgetCount": 3,
      "minSize": 200,
      "pinned": true,
      "resizable": true,
      "side": "left",
      "size": undefined,
      "widgets": Array [],
    },
    "right": Object {
      "collapseOffset": 100,
      "collapsed": false,
      "maxSize": 600,
      "maxWidgetCount": 3,
      "minSize": 200,
      "pinned": true,
      "resizable": true,
      "side": "right",
      "size": undefined,
      "widgets": Array [],
    },
    "top": Object {
      "collapseOffset": 100,
      "collapsed": false,
      "maxSize": 600,
      "maxWidgetCount": 2,
      "minSize": 100,
      "pinned": true,
      "resizable": true,
      "side": "top",
      "size": undefined,
      "span": true,
      "widgets": Array [],
    },
  },
  "popoutWidgets": Object {
    "allIds": Array [],
    "byId": Object {},
  },
  "size": Object {
    "height": 0,
    "width": 0,
  },
  "tabs": Object {
    "nz-tool-settings-tab": Object {
      "allowedPanelTargets": Array [
        "bottom",
        "left",
        "right",
      ],
      "id": "nz-tool-settings-tab",
      "label": "Tool Settings",
    },
  },
  "toolSettings": Object {
    "type": "docked",
  },
  "widgets": Object {},
}
`;

exports[`Frontstage local storage wrapper WidgetPanelsFrontstage should not render w/o frontstage 1`] = `""`;

exports[`Frontstage local storage wrapper WidgetPanelsFrontstage should render 1`] = `
<ActiveFrontstageDefProvider
  frontstageDef={
    FrontstageDef {
      "_contentGroupId": "",
      "_defaultContentId": "",
      "_defaultLayoutId": "",
      "_id": "",
      "_isApplicationClosing": false,
      "_isInFooterMode": true,
      "_isStageClosing": false,
      "_timeTracker": TimeTracker {
        "_firstActiveTimestamp": 0,
        "_idleCount": 0,
        "_idleStartTimestamp": 0,
        "_idleTime": 0,
        "_idleTimeCounter": [Function],
        "_idleTimeout": 5000,
        "_lastActiveTimestamp": 0,
        "_totalIdleTime": 0,
        "_totalTime": 0,
        "_trackActivity": [Function],
      },
      "_version": 0,
    }
  }
/>
`;

exports[`Frontstage local storage wrapper WidgetPanelsFrontstage should render modal stage content 1`] = `
<ActiveFrontstageDefProvider
  frontstageDef={
    FrontstageDef {
      "_contentGroupId": "",
      "_defaultContentId": "",
      "_defaultLayoutId": "",
      "_id": "",
      "_isApplicationClosing": false,
      "_isInFooterMode": true,
      "_isStageClosing": false,
      "_timeTracker": TimeTracker {
        "_firstActiveTimestamp": 0,
        "_idleCount": 0,
        "_idleStartTimestamp": 0,
        "_idleTime": 0,
        "_idleTimeCounter": [Function],
        "_idleTimeout": 5000,
        "_lastActiveTimestamp": 0,
        "_totalIdleTime": 0,
        "_totalTime": 0,
        "_trackActivity": [Function],
      },
      "_version": 0,
    }
  }
/>
`;

exports[`Frontstage local storage wrapper initializeNineZoneState should initialize widgets 1`] = `
Object {
  "draggedTab": undefined,
  "floatingWidgets": Object {
    "allIds": Array [],
    "byId": Object {},
  },
  "panels": Object {
    "bottom": Object {
      "collapseOffset": 100,
      "collapsed": false,
      "maxSize": 600,
      "maxWidgetCount": 2,
      "minSize": 100,
      "pinned": true,
      "resizable": true,
      "side": "bottom",
      "size": undefined,
      "span": true,
      "widgets": Array [],
    },
    "left": Object {
      "collapseOffset": 100,
      "collapsed": false,
      "maxSize": 600,
      "maxWidgetCount": 3,
      "minSize": 200,
      "pinned": true,
      "resizable": true,
      "side": "left",
      "size": undefined,
      "widgets": Array [],
    },
    "right": Object {
      "collapseOffset": 100,
      "collapsed": false,
      "maxSize": 600,
      "maxWidgetCount": 3,
      "minSize": 200,
      "pinned": true,
      "resizable": true,
      "side": "right",
      "size": undefined,
      "widgets": Array [],
    },
    "top": Object {
      "collapseOffset": 100,
      "collapsed": false,
      "maxSize": 600,
      "maxWidgetCount": 2,
      "minSize": 100,
      "pinned": true,
      "resizable": true,
      "side": "top",
      "size": undefined,
      "span": true,
      "widgets": Array [],
    },
  },
  "popoutWidgets": Object {
    "allIds": Array [],
    "byId": Object {},
  },
  "size": Object {
    "height": 0,
    "width": 0,
  },
  "tabs": Object {
    "nz-tool-settings-tab": Object {
      "allowedPanelTargets": Array [
        "bottom",
        "left",
        "right",
      ],
      "id": "nz-tool-settings-tab",
      "label": "Tool Settings",
    },
  },
  "toolSettings": Object {
    "type": "docked",
  },
  "widgets": Object {},
}
`;

exports[`Frontstage local storage wrapper packNineZoneState should remove labels 1`] = `
Object {
  "draggedTab": undefined,
  "floatingWidgets": Object {
    "allIds": Array [
      "w1",
    ],
    "byId": Object {
      "w1": Object {
        "bounds": Object {
          "bottom": 0,
          "left": 0,
          "right": 0,
          "top": 0,
        },
        "home": Object {
          "side": "left",
          "widgetId": undefined,
          "widgetIndex": 0,
        },
        "id": "w1",
      },
    },
  },
  "panels": Object {
    "bottom": Object {
      "collapseOffset": 100,
      "collapsed": false,
      "maxSize": 600,
      "maxWidgetCount": 2,
      "minSize": 100,
      "pinned": true,
      "resizable": true,
      "side": "bottom",
      "size": undefined,
      "span": true,
      "widgets": Array [],
    },
    "left": Object {
      "collapseOffset": 100,
      "collapsed": false,
      "maxSize": 600,
      "maxWidgetCount": 3,
      "minSize": 200,
      "pinned": true,
      "resizable": true,
      "side": "left",
      "size": undefined,
      "widgets": Array [],
    },
    "right": Object {
      "collapseOffset": 100,
      "collapsed": false,
      "maxSize": 600,
      "maxWidgetCount": 3,
      "minSize": 200,
      "pinned": true,
      "resizable": true,
      "side": "right",
      "size": undefined,
      "widgets": Array [],
    },
    "top": Object {
      "collapseOffset": 100,
      "collapsed": false,
      "maxSize": 600,
      "maxWidgetCount": 2,
      "minSize": 100,
      "pinned": true,
      "resizable": true,
      "side": "top",
      "size": undefined,
      "span": true,
      "widgets": Array [],
    },
  },
  "popoutWidgets": Object {
    "allIds": Array [],
    "byId": Object {},
  },
  "size": Object {
    "height": 0,
    "width": 0,
  },
  "tabs": Object {
    "t1": Object {
      "allowedPanelTargets": undefined,
      "id": "t1",
      "preferredFloatingWidgetSize": undefined,
      "preferredPopoutWidgetSize": undefined,
    },
  },
  "toolSettings": Object {
    "type": "docked",
  },
  "widgets": Object {
    "w1": Object {
      "activeTabId": "t1",
      "id": "w1",
      "minimized": false,
      "tabs": Array [
        "t1",
      ],
    },
  },
}
`;

exports[`Frontstage local storage wrapper restoreNineZoneState should log error if widgetDef is not found 1`] = `
Object {
  "frontstageId": "",
  "tabId": "t1",
}
`;

exports[`Frontstage local storage wrapper restoreNineZoneState should restore tabs 1`] = `
Object {
  "draggedTab": undefined,
  "floatingWidgets": Object {
    "allIds": Array [],
    "byId": Object {},
  },
  "panels": Object {
    "bottom": Object {
      "collapseOffset": 100,
      "collapsed": false,
      "maxSize": 600,
      "maxWidgetCount": 2,
      "minSize": 100,
      "pinned": true,
      "resizable": true,
      "side": "bottom",
      "size": undefined,
      "span": true,
      "widgets": Array [],
    },
    "left": Object {
      "collapseOffset": 100,
      "collapsed": false,
      "maxSize": 600,
      "maxWidgetCount": 3,
      "minSize": 200,
      "pinned": true,
      "resizable": true,
      "side": "left",
      "size": undefined,
      "widgets": Array [],
    },
    "right": Object {
      "collapseOffset": 100,
      "collapsed": false,
      "maxSize": 600,
      "maxWidgetCount": 3,
      "minSize": 200,
      "pinned": true,
      "resizable": true,
      "side": "right",
      "size": undefined,
      "widgets": Array [],
    },
    "top": Object {
      "collapseOffset": 100,
      "collapsed": false,
      "maxSize": 600,
      "maxWidgetCount": 2,
      "minSize": 100,
      "pinned": true,
      "resizable": true,
      "side": "top",
      "size": undefined,
      "span": true,
      "widgets": Array [],
    },
  },
  "popoutWidgets": Object {
    "allIds": Array [],
    "byId": Object {},
  },
  "size": Object {
    "height": 0,
    "width": 0,
  },
  "tabs": Object {
    "nz-tool-settings-tab": Object {
      "allowedPanelTargets": Array [
        "bottom",
        "left",
        "right",
      ],
      "id": "nz-tool-settings-tab",
      "label": "Tool Settings",
    },
    "t1": Object {
      "canPopout": undefined,
      "id": "t1",
      "label": "Widget",
    },
  },
  "toolSettings": Object {
    "type": "docked",
  },
  "widgets": Object {},
}
`;

exports[`Frontstage local storage wrapper useSavedFrontstageState should load saved nineZoneState 1`] = `
Object {
  "draggedTab": undefined,
  "floatingWidgets": Object {
    "allIds": Array [],
    "byId": Object {},
  },
  "panels": Object {
    "bottom": Object {
      "collapseOffset": 100,
      "collapsed": false,
      "maxSize": 600,
      "maxWidgetCount": 2,
      "minSize": 100,
      "pinned": true,
      "resizable": true,
      "side": "bottom",
      "size": undefined,
      "span": true,
      "widgets": Array [],
    },
    "left": Object {
      "collapseOffset": 100,
      "collapsed": false,
      "maxSize": 600,
      "maxWidgetCount": 3,
      "minSize": 200,
      "pinned": true,
      "resizable": true,
      "side": "left",
      "size": undefined,
      "widgets": Array [],
    },
    "right": Object {
      "collapseOffset": 100,
      "collapsed": false,
      "maxSize": 600,
      "maxWidgetCount": 3,
      "minSize": 200,
      "pinned": true,
      "resizable": true,
      "side": "right",
      "size": undefined,
      "widgets": Array [],
    },
    "top": Object {
      "collapseOffset": 100,
      "collapsed": false,
      "maxSize": 600,
      "maxWidgetCount": 2,
      "minSize": 100,
      "pinned": true,
      "resizable": true,
      "side": "top",
      "size": undefined,
      "span": true,
      "widgets": Array [],
    },
  },
  "popoutWidgets": Object {
    "allIds": Array [],
    "byId": Object {},
  },
  "size": Object {
    "height": 0,
    "width": 0,
  },
  "tabs": Object {
    "nz-tool-settings-tab": Object {
      "allowedPanelTargets": Array [
        "bottom",
        "left",
        "right",
      ],
      "id": "nz-tool-settings-tab",
      "label": "Tool Settings",
    },
  },
  "toolSettings": Object {
    "type": "docked",
  },
  "widgets": Object {},
}
`;
