// Jest Snapshot v1, https://goo.gl/fbAQLP

exports[`<SelectionInfo /> renders correctly 1`] = `
<div
  className="nz-footer-selectionInfo-selectionInfo"
/>
`;

exports[`<SelectionInfo /> renders correctly in footer mode 1`] = `
<div
  className="nz-footer-selectionInfo-selectionInfo nz-footer-mode"
/>
`;
