// Jest Snapshot v1, https://goo.gl/fbAQLP

exports[`ActionButtonItem enabled renders correctly 1`] = `
<Item
  icon={
    <Icon
      iconSpec="icon-button"
    />
  }
  isDisabled={false}
  key="testButton"
  onClick={[Function]}
  onKeyDown={[Function]}
  title="label"
/>
`;

exports[`ActionButtonItem hidden renders correctly 1`] = `
<Item
  icon={
    <Icon
      iconSpec="icon-button"
    />
  }
  isDisabled={false}
  key="testButton"
  onClick={[Function]}
  onKeyDown={[Function]}
  title="label"
/>
`;

exports[`ActionButtonItem renders correctly 1`] = `
<Item
  icon={
    <Icon
      iconSpec="icon-button"
    />
  }
  isDisabled={false}
  key="testButton"
  onClick={[Function]}
  onKeyDown={[Function]}
  title="label"
/>
`;

exports[`ActionButtonItem should render when created view CommandItemDef 1`] = `
<Item
  icon={
    <Icon
      iconSpec="icon-placeholder"
    />
  }
  isActive={false}
  isDisabled={true}
  key="command"
  onClick={[Function]}
  onKeyDown={[Function]}
  title="tests.label"
/>
`;
