// Jest Snapshot v1, https://goo.gl/fbAQLP

exports[`GroupButtonItem <GroupButtonItem /> renders correctly 1`] = `
<ToolbarGroupItem
  groupItem={
    Object {
      "icon": "icon-button",
      "id": "groupButton",
      "itemPriority": 10,
      "items": Array [
        Object {
          "badgeType": 2,
          "execute": [Function],
          "icon": "icon-button",
          "id": "childButton1",
          "itemPriority": 10,
          "label": "label",
        },
        Object {
          "execute": [Function],
          "icon": "icon-button",
          "id": "childButton2",
          "itemPriority": 20,
          "label": "label",
        },
      ],
      "label": "label",
    }
  }
  key="groupButton"
/>
`;

exports[`GroupButtonItem <GroupButtonItem /> should not render if not visible 1`] = `
<GroupButtonItem
  item={
    Object {
      "icon": "icon-button",
      "id": "groupButton",
      "isHidden": true,
      "itemPriority": 10,
      "items": Array [
        Object {
          "execute": [Function],
          "icon": "icon-button",
          "id": "childButton1",
          "isHidden": true,
          "itemPriority": 10,
          "label": "label",
        },
      ],
      "label": "label",
    }
  }
>
  <ToolbarGroupItem
    groupItem={
      Object {
        "icon": "icon-button",
        "id": "groupButton",
        "isHidden": true,
        "itemPriority": 10,
        "items": Array [
          Object {
            "execute": [Function],
            "icon": "icon-button",
            "id": "childButton1",
            "isHidden": true,
            "itemPriority": 10,
            "label": "label",
          },
        ],
        "label": "label",
      }
    }
    key="groupButton"
  />
</GroupButtonItem>
`;
