// Jest Snapshot v1, https://goo.gl/fbAQLP

exports[`TreeDataProvider getFilteredNodes returns presentation manager result 1`] = `
Array [
  Object {
    "children": Array [],
    "index": 644,
    "isMarked": true,
    "node": Object {
      "backColor": "rgb(
    215,
    125,
    116
  )",
      "description": "Rerum laborum ipsa.",
      "foreColor": "#6EE32D",
      "hasChildren": true,
      "imageId": "Soft",
      "isCheckboxEnabled": false,
      "isCheckboxVisible": true,
      "isChecked": true,
      "isEditable": true,
      "isExpanded": false,
      "isSelectionDisabled": false,
      "key": Object {
        "instanceKeys": Array [
          Object {
            "className": "SQL",
            "id": "0x42e20000015b9b",
          },
          Object {
            "className": "viral",
            "id": "0x1b78000000b915",
          },
        ],
        "pathFromRoot": Array [
          "05b9034c-bb1b-47e5-a34b-ee893267e90a",
          "8528b854-ec02-4dd8-bfe4-a098a1d96013",
        ],
        "type": "ECInstancesNode",
      },
      "label": Object {
        "displayValue": "Auto Loan Account",
        "rawValue": "Awesome",
        "typeName": "string",
      },
    },
  },
  Object {
    "children": Array [],
    "index": 668,
    "node": Object {
      "backColor": undefined,
      "description": "Autem ipsa vel voluptatem quia recusandae.",
      "foreColor": "#2F04EF",
      "hasChildren": false,
      "imageId": "Chips",
      "isCheckboxEnabled": true,
      "isCheckboxVisible": false,
      "isChecked": false,
      "isEditable": false,
      "isExpanded": false,
      "isSelectionDisabled": false,
      "key": Object {
        "instanceKeys": Array [
          Object {
            "className": "Applications",
            "id": "0x6b0b000000b7ad",
          },
          Object {
            "className": "EXE",
            "id": "0xc6b4000001712e",
          },
        ],
        "pathFromRoot": Array [
          "a3944426-64d1-4202-bc22-44b3f7075dc2",
          "845797cd-fdf3-4462-ba83-b9a1ecd911f2",
        ],
        "type": "ECInstancesNode",
      },
      "label": Object {
        "displayValue": "Cordoba Oro",
        "rawValue": "purple",
        "typeName": "string",
      },
    },
  },
]
`;

exports[`TreeDataProvider getNodes children returns presentation manager result 1`] = `
Array [
  Object {
    "__presentation-components/key": Object {
      "instanceKeys": Array [
        Object {
          "className": "olive",
          "id": "0x69150000016f27",
        },
        Object {
          "className": "cross-platform",
          "id": "0xc11d0000006f7b",
        },
      ],
      "pathFromRoot": Array [
        "e5e66399-295a-454e-a1ab-590b334ae253",
        "b5928504-ca89-4d67-9fe9-01f13624cefb",
      ],
      "type": "ECInstancesNode",
    },
    "checkBoxState": 1,
    "description": "Sunt excepturi est animi.",
    "hasChildren": true,
    "icon": "motivating",
    "id": "b5928504-ca89-4d67-9fe9-01f13624cefb/e5e66399-295a-454e-a1ab-590b334ae253",
    "isCheckboxVisible": true,
    "label": PropertyRecord {
      "property": Object {
        "displayLabel": "Label",
        "name": "node_label",
        "typename": "string",
      },
      "value": Object {
        "displayValue": "Multi-channelled",
        "value": "deposit",
        "valueFormat": 0,
      },
    },
    "parentId": "b4da3271-b2d6-497b-a799-93a4436cec5f",
    "style": Object {
      "colorOverrides": Object {
        "color": -717867777,
      },
    },
  },
  Object {
    "__presentation-components/key": Object {
      "instanceKeys": Array [
        Object {
          "className": "Practical Concrete Pizza",
          "id": "0xc14b00000120e7",
        },
        Object {
          "className": "platforms",
          "id": "0x8a760000016461",
        },
      ],
      "pathFromRoot": Array [
        "377376d7-efbb-4df5-a70a-4764c60c82ae",
        "baa5384c-065b-43f7-bfbe-9d55e79bfb1f",
      ],
      "type": "ECInstancesNode",
    },
    "description": "Sunt eveniet facilis officia.",
    "hasChildren": true,
    "icon": "Technician",
    "id": "baa5384c-065b-43f7-bfbe-9d55e79bfb1f/377376d7-efbb-4df5-a70a-4764c60c82ae",
    "label": PropertyRecord {
      "property": Object {
        "displayLabel": "Label",
        "name": "node_label",
        "typename": "string",
      },
      "value": Object {
        "displayValue": "Antigua and Barbuda",
        "value": "Shoes",
        "valueFormat": 0,
      },
    },
    "parentId": "b4da3271-b2d6-497b-a799-93a4436cec5f",
    "style": Object {
      "colorOverrides": Object {
        "backgroundColor": 1215880959,
        "color": -1153090305,
      },
    },
  },
]
`;

exports[`TreeDataProvider getNodes root returns presentation manager result 1`] = `
Array [
  Object {
    "__presentation-components/key": Object {
      "instanceKeys": Array [
        Object {
          "className": "data-warehouse",
          "id": "0xc8340000009d04",
        },
        Object {
          "className": "Washington",
          "id": "0xc7df000000977f",
        },
      ],
      "pathFromRoot": Array [
        "48ae5ef5-0f6e-4931-ba46-85cc14189a13",
        "8287e887-4294-40a6-b4fc-635a36a5784a",
      ],
      "type": "ECInstancesNode",
    },
    "autoExpand": true,
    "icon": "Unbranded",
    "id": "8287e887-4294-40a6-b4fc-635a36a5784a/48ae5ef5-0f6e-4931-ba46-85cc14189a13",
    "label": PropertyRecord {
      "property": Object {
        "displayLabel": "Label",
        "name": "node_label",
        "typename": "string",
      },
      "value": Object {
        "displayValue": "payment",
        "value": "open-source",
        "valueFormat": 0,
      },
    },
  },
  Object {
    "__presentation-components/key": Object {
      "instanceKeys": Array [
        Object {
          "className": "backing up",
          "id": "0xe5bf0000011f41",
        },
        Object {
          "className": "auxiliary",
          "id": "0x14bc1000001057a",
        },
      ],
      "pathFromRoot": Array [
        "3c15e225-8d91-4174-8f69-1c86639b762a",
        "6c7177b4-13aa-482a-9d6b-76624dbc4a02",
      ],
      "type": "ECInstancesNode",
    },
    "autoExpand": true,
    "hasChildren": true,
    "id": "6c7177b4-13aa-482a-9d6b-76624dbc4a02/3c15e225-8d91-4174-8f69-1c86639b762a",
    "isCheckboxDisabled": true,
    "isCheckboxVisible": true,
    "label": PropertyRecord {
      "property": Object {
        "displayLabel": "Label",
        "name": "node_label",
        "typename": "string",
      },
      "value": Object {
        "displayValue": "Manager",
        "value": "Outdoors",
        "valueFormat": 0,
      },
    },
    "style": Object {
      "colorOverrides": Object {
        "color": 1986721023,
      },
    },
  },
]
`;
