// Jest Snapshot v1, https://goo.gl/fbAQLP

exports[`WidgetTabTarget  should render hidden in dragged widget 1`] = `
<div
  class="nz-widget-tabTarget nz-hidden"
/>
`;

exports[`WidgetTabTarget  should render with cursor type 1`] = `
<div
  class="nz-widget-tabTarget nz-hidden nz-widgetPanels-cursorOverlay_cursor nz-grabbing"
/>
`;
