// Jest Snapshot v1, https://goo.gl/fbAQLP

exports[`Node fromJSON creates valid Node from JSON 1`] = `
Object {
  "backColor": undefined,
  "description": undefined,
  "foreColor": "#80E076",
  "hasChildren": true,
  "imageId": "customized",
  "isCheckboxEnabled": true,
  "isCheckboxVisible": false,
  "isChecked": true,
  "isEditable": true,
  "isExpanded": true,
  "isSelectionDisabled": false,
  "key": Object {
    "instanceKey": Object {
      "className": "Functionality",
      "id": "0x154f7000000a54e",
    },
    "pathFromRoot": Array [
      "4843c512-9f82-4b52-b6d8-74ba3b8ff740",
      "4881193c-08eb-445a-b7dd-b7a30f33c975",
    ],
    "type": "ECInstanceNode",
  },
  "label": "Technician Shoes",
}
`;

exports[`Node fromJSON creates valid Node from serialized JSON 1`] = `
Object {
  "backColor": "rgb(
    62,
    40,
    232
  )",
  "description": "Rerum eius fugiat dolores repellat ut excepturi.",
  "hasChildren": false,
  "isCheckboxEnabled": true,
  "isCheckboxVisible": true,
  "isChecked": false,
  "isEditable": false,
  "isExpanded": false,
  "isSelectionDisabled": false,
  "key": Object {
    "instanceKey": Object {
      "className": "website",
      "id": "0x5e58000000b378",
    },
    "pathFromRoot": Array [
      "5242abda-2a79-46dd-b8d9-fe71dab8e435",
      "8d78e06d-c620-4f5a-82b9-ecb87afe9470",
    ],
    "type": "ECInstanceNode",
  },
  "label": "Tennessee THX",
}
`;

exports[`Node[] fromJSON creates valid Node[] from JSON 1`] = `
Array [
  Object {
    "backColor": undefined,
    "description": undefined,
    "foreColor": "#5E6F81",
    "hasChildren": true,
    "imageId": "Lakes",
    "isCheckboxEnabled": false,
    "isCheckboxVisible": true,
    "isChecked": false,
    "isEditable": true,
    "isExpanded": true,
    "isSelectionDisabled": true,
    "key": Object {
      "instanceKey": Object {
        "className": "transmitting",
        "id": "0x8e74000000d40f",
      },
      "pathFromRoot": Array [
        "c99a680f-d47b-4e42-b668-4f1292101320",
        "e47fd2d0-a94a-4ce7-8668-f8e80df18df8",
      ],
      "type": "ECInstanceNode",
    },
    "label": "generate facilitate",
  },
  Object {
    "backColor": "rgb(
    238,
    21,
    103
  )",
    "description": undefined,
    "foreColor": "#3761D6",
    "hasChildren": false,
    "imageId": undefined,
    "isCheckboxEnabled": true,
    "isCheckboxVisible": false,
    "isChecked": false,
    "isEditable": false,
    "isExpanded": false,
    "isSelectionDisabled": true,
    "key": Object {
      "instanceKey": Object {
        "className": "Home Loan Account",
        "id": "0xd6cb000000e969",
      },
      "pathFromRoot": Array [
        "78878301-e425-470a-854b-4c38f51d18ca",
        "318edf6d-0eae-461d-830f-666a9d97a840",
      ],
      "type": "ECInstanceNode",
    },
    "label": "multi-byte",
  },
]
`;

exports[`Node[] fromJSON creates valid Node[] from serialized JSON 1`] = `
Array [
  Object {
    "backColor": "rgb(
    214,
    106,
    164
  )",
    "foreColor": "#D67CE8",
    "hasChildren": true,
    "imageId": "Handcrafted Granite Bike",
    "isCheckboxEnabled": false,
    "isCheckboxVisible": false,
    "isChecked": false,
    "isEditable": false,
    "isExpanded": true,
    "isSelectionDisabled": true,
    "key": Object {
      "instanceKey": Object {
        "className": "Lead",
        "id": "0x39350000007c1b",
      },
      "pathFromRoot": Array [
        "d393c8ea-c63f-48bc-aa0e-a5a67f574125",
        "f60e3df7-2246-4437-89a6-82a872f1a833",
      ],
      "type": "ECInstanceNode",
    },
    "label": "exuding",
  },
  Object {
    "foreColor": "#CA2B2F",
    "hasChildren": true,
    "imageId": "Global",
    "isCheckboxEnabled": false,
    "isCheckboxVisible": true,
    "isChecked": true,
    "isEditable": true,
    "isExpanded": false,
    "isSelectionDisabled": true,
    "key": Object {
      "instanceKey": Object {
        "className": "invoice",
        "id": "0xb186000000601f",
      },
      "pathFromRoot": Array [
        "b2663b91-5980-4e5e-befd-53da598eaaa6",
        "17fd8971-5255-495f-a055-1d8de08102d3",
      ],
      "type": "ECInstanceNode",
    },
    "label": "Savings Account fuchsia global",
  },
]
`;
