// Jest Snapshot v1, https://goo.gl/fbAQLP

exports[`FrameworkZone renders floating correctly 1`] = `
<span
  style={
    Object {
      "position": "relative",
      "zIndex": [Function],
    }
  }
>
  <Zone
    bounds={[Function]}
    id={[Function]}
    isFloating={true}
    safeAreaInsets={0}
  >
    <WidgetStack
      fillZone={[Function]}
      horizontalAnchor={[Function]}
      isCollapsed={false}
      isFloating={true}
      isInStagePanel={false}
      verticalAnchor={[Function]}
      widgets={[Function]}
    />
  </Zone>
  <Zone
    bounds={[Function]}
    id={[Function]}
    safeAreaInsets={0}
  >
    <ZoneTargets
      zoneId={[Function]}
    />
  </Zone>
  <Outline />
</span>
`;
