// Jest Snapshot v1, https://goo.gl/fbAQLP

exports[`ModelSelector Category generates correct drawing categories' hierarchy 1`] = `
Array [
  Object {
    "label": "Uncategorized",
  },
]
`;

exports[`ModelSelector Category generates correct spatial categories' hierarchy 1`] = `
Array [
  Object {
    "label": "Uncategorized",
  },
]
`;

exports[`ModelSelector Model generates correct models' hierarchy 1`] = `
Array [
  Object {
    "label": "Properties_60InstancesWithUrl2",
  },
]
`;
